Reference: /Users/hugogoncalves/Documents/Faculdade/Mestrado/Semestre_2/TAI/Assignment2/TAI_Group_6/references/europarl20/greek.txt
Target: /Users/hugogoncalves/Documents/Faculdade/Mestrado/Semestre_2/TAI/Assignment2/TAI_Group_6/references/target/italian_romanian_estonian.txt
Total Information: 41048.4
Information p/ Symbol: 4.13003
Information p/ Iteration: 
3:0.5
4:2.19579
5:2.19579
6:6.37504
7:6.37504
8:0.5
9:6.79442
10:6.79442
11:6.37504
12:0.5
13:5.42626
14:5.42626
15:6.37504
16:0.5
17:4.82443
18:4.82443
19:0.5
20:4.82443
21:4.82443
22:0.5
23:6.40939
24:6.40939
25:0.5
26:5.23522
27:5.23522
28:6.37504
29:0.5
30:7.21917
31:7.21917
32:0.5
33:2.7038
34:2.7038
35:6.37504
36:6.37504
37:0.5
38:4.92283
39:4.92283
40:0.5
41:6.62936
42:6.62936
43:0.5
44:3.47947
45:3.47947
46:6.37504
47:6.37504
48:0.5
49:1
50:4.89077
51:4.89077
52:4.89077
53:6.37504
54:6.37504
55:6.37504
56:6.37504
57:6.37504
58:6.37504
59:0.5
60:2.84609
61:2.84609
62:0.5
63:4.82443
64:4.82443
65:6.37504
66:6.37504
67:6.37504
68:0.5
69:2.70571
70:2.70571
71:6.37504
72:6.37504
73:6.37504
74:0.5
75:2.90122
76:2.90122
77:6.37504
78:0.5
79:1
80:0.415037
81:2.05784
82:2.05784
83:2.05784
84:2.05784
85:0.5
86:5.23522
87:5.23522
88:6.37504
89:6.37504
90:6.37504
91:6.37504
92:6.37504
93:6.37504
94:6.37504
95:0.5
96:4.92283
97:4.92283
98:6.37504
99:6.37504
100:0.5
101:1
102:0.415037
103:2.05784
104:2.05784
105:1
106:2.05784
107:2.05784
108:2.05784
109:6.37504
110:6.37504
111:6.37504
112:6.37504
113:6.37504
114:0.5
115:1
116:0.415037
117:0.324916
118:0.678072
119:0.324916
120:0.324916
121:0.324916
122:0.324916
123:0.5
124:4.11151
125:4.11151
126:6.37504
127:0.5
128:2.67094
129:2.67094
130:6.37504
131:6.37504
132:6.37504
133:6.37504
134:0.5
135:6.59991
136:2
137:6.37504
138:0.5
139:3.33787
140:3.33787
141:0.5
142:3.60881
143:3.60881
144:0.5
145:6.40939
146:6.40939
147:6.37504
148:0.5
149:4.39232
150:4.39232
151:6.37504
152:6.37504
153:0.5
154:4.59694
155:4.59694
156:0.5
157:2.19579
158:2.19579
159:6.37504
160:6.37504
161:6.37504
162:6.37504
163:0.5
164:3.85086
165:3.85086
166:6.37504
167:6.37504
168:0.5
169:6.50779
170:2
171:0.5
172:1.9301
173:1.9301
174:0.5
175:7.21917
176:7.21917
177:0.5
178:3.22463
179:3.22463
180:0.5
181:4.00998
182:4.00998
183:0.5
184:5.23522
185:5.23522
186:6.37504
187:6.37504
188:6.37504
189:0.5
190:1
191:6.59991
192:6.59991
193:6.59991
194:6.37504
195:0.5
196:6.37504
197:6.37504
198:6.37504
199:6.37504
200:6.37504
201:6.37504
202:6.37504
203:0.5
204:3.49923
205:2
206:0.5
207:2.7038
208:2.7038
209:0.5
210:4.22437
211:4.22437
212:0.5
213:2.85505
214:2.85505
215:6.37504
216:6.37504
217:6.37504
218:0.5
219:3.50027
220:3.50027
221:0.5
222:3.33787
223:3.33787
224:0.5
225:3.60881
226:3.60881
227:6.37504
228:6.37504
229:0.5
230:4.92283
231:4.92283
232:0.5
233:4.82443
234:2
235:0.5
236:2.95641
237:2.95641
238:6.37504
239:6.37504
240:6.37504
241:6.37504
242:6.37504
243:6.37504
244:6.37504
245:0.5
246:5.07325
247:5.07325
248:0.5
249:2.19579
250:2.19579
251:6.37504
252:6.37504
253:6.37504
254:0.5
255:4.12102
256:4.12102
257:6.37504
258:6.37504
259:6.37504
260:6.37504
261:0.5
262:4.92283
263:4.92283
264:0.5
265:4.82443
266:4.82443
267:6.37504
268:6.37504
269:6.37504
270:6.37504
271:6.37504
272:6.37504
273:0.5
274:1
275:3.53797
276:3.53797
277:3.53797
278:6.37504
279:0.5
280:4.89724
281:4.89724
282:0.5
283:6.47573
284:6.47573
285:6.37504
286:0.5
287:3.83735
288:2
289:6.37504
290:6.37504
291:0.5
292:6.53916
293:6.53916
294:6.37504
295:6.37504
296:6.37504
297:6.37504
298:0.5
299:4.59694
300:4.59694
301:0.5
302:4.26946
303:4.26946
304:6.37504
305:0.5
306:3.822
307:3.822
308:0.5
309:4.79701
310:2
311:0.5
312:1
313:4.7761
314:4.7761
315:4.7761
316:0.5
317:3.40125
318:3.40125
319:6.37504
320:6.37504
321:0.5
322:4.57827
323:2
324:6.37504
325:6.37504
326:6.37504
327:6.37504
328:6.37504
329:0.5
330:1
331:6.33985
332:6.33985
333:6.33985
334:6.37504
335:0.5
336:4.82443
337:4.82443
338:6.37504
339:0.5
340:3.09398
341:3.09398
342:0.5
343:3.77259
344:3.77259
345:0.5
346:6.37504
347:6.37504
348:6.37504
349:6.37504
350:0.5
351:6.47573
352:6.47573
353:6.37504
354:6.37504
355:6.37504
356:0.5
357:2.5429
358:2.5429
359:6.37504
360:0.5
361:3.93411
362:3.93411
363:6.37504
364:0.5
365:4.82443
366:4.82443
367:6.37504
368:6.37504
369:6.37504
370:6.37504
371:6.37504
372:6.37504
373:6.37504
374:0.5
375:6.53916
376:6.53916
377:6.37504
378:6.37504
379:6.37504
380:6.37504
381:0.5
382:2.91329
383:2.91329
384:6.37504
385:6.37504
386:6.37504
387:6.37504
388:6.37504
389:6.37504
390:0.5
391:3.70044
392:3.70044
393:6.37504
394:6.37504
395:6.37504
396:6.37504
397:6.37504
398:6.37504
399:6.37504
400:0.5
401:6.37504
402:6.37504
403:0.5
404:2.19579
405:2.19579
406:6.37504
407:6.37504
408:6.37504
409:6.37504
410:6.37504
411:6.37504
412:0.5
413:5.04439
414:5.04439
415:0.5
416:4.82443
417:4.82443
418:6.37504
419:0.5
420:4.37255
421:4.37255
422:0.5
423:6.37504
424:6.37504
425:6.37504
426:0.5
427:5.69116
428:5.69116
429:0.5
430:2.48043
431:2.48043
432:0.5
433:4.57827
434:4.57827
435:6.37504
436:6.37504
437:0.5
438:3.53797
439:2
440:6.37504
441:6.37504
442:6.37504
443:6.37504
444:0.5
445:6.37504
446:6.37504
447:6.37504
448:6.37504
449:0.5
450:4.91648
451:4.91648
452:0.5
453:2.84609
454:2.84609
455:0.5
456:2.19579
457:2.19579
458:6.37504
459:6.37504
460:6.37504
461:6.37504
462:6.37504
463:6.37504
464:0.5
465:4.89077
466:4.89077
467:0.5
468:4.9542
469:4.9542
470:6.37504
471:6.37504
472:0.5
473:1
474:5.35755
475:5.35755
476:5.35755
477:6.37504
478:6.37504
479:6.37504
480:0.5
481:6.82018
482:6.82018
483:6.37504
484:6.37504
485:0.5
486:5.04439
487:5.04439
488:6.37504
489:6.37504
490:6.37504
491:0.5
492:4.92283
493:4.92283
494:0.5
495:2.64599
496:2.64599
497:6.37504
498:0.5
499:6.44294
500:6.44294
501:0.5
502:2.70571
503:2.70571
504:6.37504
505:6.37504
506:6.37504
507:6.37504
508:6.37504
509:0.5
510:2.19579
511:2.19579
512:6.37504
513:0.5
514:6.59991
515:6.59991
516:0.5
517:3.47947
518:3.47947
519:0.5
520:1
521:4.92283
522:4.92283
523:4.92283
524:6.37504
525:0.5
526:6.37504
527:6.37504
528:6.37504
529:6.37504
530:0.5
531:2.98935
532:2.98935
533:0.5
534:3.79586
535:3.79586
536:0.5
537:4.41181
538:4.41181
539:6.37504
540:6.37504
541:0.5
542:1
543:4.57827
544:4.57827
545:4.57827
546:6.37504
547:0.5
548:6.50779
549:6.50779
550:0.5
551:1.8953
552:1.8953
553:6.37504
554:0.5
555:3.70044
556:3.70044
557:0.5
558:1
559:4.89077
560:4.89077
561:4.89077
562:6.37504
563:6.37504
564:6.37504
565:0.5
566:6.79442
567:6.79442
568:0.5
569:5.55459
570:2
571:6.37504
572:0.5
573:3.33787
574:3.33787
575:0.5
576:3.60881
577:3.60881
578:6.37504
579:6.37504
580:6.37504
581:6.37504
582:6.37504
583:0.5
584:4.17608
585:4.17608
586:0.5
587:2.19579
588:2.19579
589:6.37504
590:6.37504
591:6.37504
592:6.37504
593:6.37504
594:0.5
595:1
596:4.82443
597:4.82443
598:4.82443
599:0.5
600:4.18587
601:4.18587
602:6.37504
603:6.37504
604:0.5
605:6.47573
606:2
607:6.37504
608:0.5
609:0.435022
610:0.435022
611:0.5
612:4.92283
613:4.92283
614:6.37504
615:6.37504
616:0.5
617:4.89077
618:4.89077
619:0.5
620:4.73335
621:4.73335
622:6.37504
623:0.5
624:4.69426
625:4.69426
626:0.5
627:4.41954
628:4.41954
629:0.5
630:5.10154
631:5.10154
632:0.5
633:6.37504
634:6.37504
635:6.37504
636:6.37504
637:6.37504
638:6.37504
639:6.37504
640:6.37504
641:6.37504
642:6.37504
643:0.5
644:4.41181
645:4.41181
646:0.5
647:4.52356
648:2
649:6.37504
650:6.37504
651:0.5
652:3.77259
653:3.77259
654:6.37504
655:6.37504
656:6.37504
657:0.5
658:6.37504
659:6.37504
660:0.5
661:2.67094
662:2.67094
663:6.37504
664:6.37504
665:0.5
666:4.82443
667:4.82443
668:6.37504
669:0.5
670:4.22437
671:4.22437
672:0.5
673:2.85505
674:2.85505
675:6.37504
676:6.37504
677:6.37504
678:0.5
679:4.21723
680:2
681:6.37504
682:6.37504
683:0.5
684:4.92283
685:4.92283
686:6.37504
687:6.37504
688:0.5
689:5.63421
690:5.63421
691:6.37504
692:6.37504
693:0.5
694:4.9542
695:4.9542
696:6.37504
697:6.37504
698:6.37504
699:6.37504
700:6.37504
701:0.5
702:6.03709
703:6.03709
704:0.5
705:3.98995
706:3.98995
707:6.37504
708:6.37504
709:0.5
710:4.22437
711:4.22437
712:0.5
713:3.77259
714:3.77259
715:6.37504
716:6.37504
717:6.37504
718:0.5
719:3.50027
720:3.50027
721:6.37504
722:6.37504
723:0.5
724:3.09245
725:3.09245
726:6.37504
727:0.5
728:3.33787
729:3.33787
730:0.5
731:4.92283
732:4.92283
733:6.37504
734:6.37504
735:0.5
736:4.92283
737:4.92283
738:6.37504
739:6.37504
740:6.37504
741:6.37504
742:0.5
743:3.85086
744:3.85086
745:6.37504
746:6.37504
747:6.37504
748:6.37504
749:0.5
750:4.18587
751:4.18587
752:6.37504
753:6.37504
754:6.37504
755:6.37504
756:0.5
757:4.89724
758:4.89724
759:0.5
760:6.62936
761:6.62936
762:0.5
763:4.92283
764:4.92283
765:6.37504
766:6.37504
767:6.37504
768:0.5
769:4.89077
770:4.89077
771:6.37504
772:0.5
773:3.4185
774:3.4185
775:6.37504
776:6.37504
777:0.5
778:2.1078
779:2.1078
780:0.5
781:4.92283
782:4.92283
783:6.37504
784:6.37504
785:0.5
786:4.9542
787:4.9542
788:6.37504
789:6.37504
790:6.37504
791:6.37504
792:6.37504
793:6.37504
794:6.37504
795:6.37504
796:6.37504
797:6.37504
798:6.37504
799:6.37504
800:6.37504
801:6.37504
802:0.5
803:4.82443
804:4.82443
805:0.5
806:4.92283
807:4.92283
808:0.5
809:6.62936
810:6.62936
811:0.5
812:1
813:4.85798
814:4.85798
815:4.85798
816:6.37504
817:6.37504
818:0.5
819:2.59455
820:2
821:6.37504
822:6.37504
823:6.37504
824:6.37504
825:0.5
826:3.93411
827:3.93411
828:0.5
829:6.74147
830:6.74147
831:0.5
832:6.50779
833:6.50779
834:6.37504
835:6.37504
836:6.37504
837:6.37504
838:0.5
839:6.37504
840:6.37504
841:0.5
842:3.22463
843:3.22463
844:6.37504
845:6.37504
846:0.5
847:6.37504
848:6.37504
849:6.37504
850:0.5
851:4.9542
852:4.9542
853:6.37504
854:6.37504
855:0.5
856:2.19579
857:2.19579
858:6.37504
859:6.37504
860:0.5
861:6.37504
862:6.37504
863:0.5
864:3.66838
865:3.66838
866:0.5
867:1
868:2.91329
869:2.91329
870:2.91329
871:6.37504
872:0.5
873:6.50779
874:6.50779
875:0.5
876:6.37504
877:6.37504
878:6.37504
879:0.5
880:2.23173
881:2.23173
882:6.37504
883:6.37504
884:6.37504
885:0.5
886:5.61471
887:5.61471
888:6.37504
889:6.37504
890:6.37504
891:0.5
892:1
893:0.415037
894:6.84549
895:6.84549
896:6.84549
897:6.84549
898:6.37504
899:6.37504
900:0.5
901:6.37504
902:6.37504
903:0.5
904:2.37716
905:2.37716
906:6.37504
907:0.5
908:1
909:6.40939
910:6.40939
911:6.40939
912:6.37504
913:0.5
914:2.90122
915:2.90122
916:6.37504
917:6.37504
918:6.37504
919:0.5
920:6.37504
921:6.37504
922:0.5
923:6.47573
924:2
925:0.5
926:5.3339
927:2
928:6.37504
929:6.37504
930:0.5
931:6.74147
932:6.74147
933:0.5
934:1.90414
935:1.90414
936:6.37504
937:0.5
938:2.42786
939:2.42786
940:0.5
941:1
942:7.34873
943:7.34873
944:7.34873
945:6.37504
946:6.37504
947:0.5
948:7.01123
949:7.01123
950:6.37504
951:0.5
952:6.37504
953:6.37504
954:0.5
955:7.01123
956:7.01123
957:0.5
958:2.14923
959:2.14923
960:0.5
961:4.73335
962:4.73335
963:6.37504
964:6.37504
965:6.37504
966:6.37504
967:0.5
968:5.3339
969:5.3339
970:0.5
971:1
972:3.6386
973:3.6386
974:3.6386
975:6.37504
976:6.37504
977:6.37504
978:0.5
979:6.27922
980:6.27922
981:6.37504
982:6.37504
983:6.37504
984:6.37504
985:6.37504
986:6.37504
987:6.37504
988:0.5
989:2.80735
990:2.80735
991:6.37504
992:6.37504
993:6.37504
994:0.5
995:4.82443
996:4.82443
997:6.37504
998:0.5
999:6.37504
1000:6.37504
1001:6.37504
1002:6.37504
1003:6.37504
1004:6.37504
1005:0.5
1006:6.37504
1007:6.37504
1008:0.5
1009:2.51896
1010:2
1011:6.37504
1012:6.37504
1013:6.37504
1014:6.37504
1015:6.37504
1016:6.37504
1017:6.37504
1018:6.37504
1019:0.5
1020:1
1021:3.79586
1022:3.79586
1023:3.79586
1024:0.5
1025:4.41954
1026:4.41954
1027:6.37504
1028:0.5
1029:6.40939
1030:6.40939
1031:0.5
1032:1
1033:0.415037
1034:2.05784
1035:2.05784
1036:2.05784
1037:2.05784
1038:6.37504
1039:0.5
1040:4.82443
1041:4.82443
1042:6.37504
1043:6.37504
1044:6.37504
1045:0.5
1046:3.96083
1047:3.96083
1048:0.5
1049:5.3339
1050:5.3339
1051:0.5
1052:6.37504
1053:6.37504
1054:0.5
1055:7.19967
1056:7.19967
1057:6.37504
1058:6.37504
1059:6.37504
1060:6.37504
1061:6.37504
1062:6.37504
1063:6.37504
1064:0.5
1065:4.47249
1066:4.47249
1067:6.37504
1068:6.37504
1069:6.37504
1070:0.5
1071:3.4185
1072:3.4185
1073:0.5
1074:5.1127
1075:2
1076:6.37504
1077:6.37504
1078:6.37504
1079:0.5
1080:4.17608
1081:4.17608
1082:0.5
1083:4.20387
1084:4.20387
1085:6.37504
1086:6.37504
1087:6.37504
1088:6.37504
1089:0.5
1090:6.94251
1091:6.94251
1092:0.5
1093:4.89077
1094:4.89077
1095:6.37504
1096:0.5
1097:3.77259
1098:3.77259
1099:0.5
1100:1
1101:0.415037
1102:0.263034
1103:0.192645
1104:0.152003
1105:0.125531
1106:0.106915
1107:0.0931094
1108:0.0824622
1109:0.0740006
1110:3.33787
1111:3.33787
1112:3.33787
1113:3.33787
1114:3.33787
1115:3.33787
1116:3.33787
1117:3.33787
1118:3.33787
1119:3.33787
1120:3.33787
1121:3.33787
1122:6.37504
1123:0.5
1124:3.53797
1125:3.53797
1126:6.37504
1127:6.37504
1128:6.37504
1129:0.5
1130:4.15381
1131:4.15381
1132:0.5
1133:1
1134:4.1788
1135:4.1788
1136:1.41504
1137:6.37504
1138:6.37504
1139:0.5
1140:1
1141:0.415037
1142:4.04775
1143:4.04775
1144:4.04775
1145:4.04775
1146:6.37504
1147:6.37504
1148:6.37504
1149:6.37504
1150:0.5
1151:3.33787
1152:3.33787
1153:0.5
1154:5.1565
1155:5.1565
1156:6.37504
1157:0.5
1158:5.65344
1159:5.65344
1160:0.5
1161:2.67094
1162:2.67094
1163:6.37504
1164:6.37504
1165:6.37504
1166:6.37504
1167:0.5
1168:6.62936
1169:6.62936
1170:6.37504
1171:6.37504
1172:6.37504
1173:6.37504
1174:6.37504
1175:6.37504
1176:6.37504
1177:6.37504
1178:6.37504
1179:0.5
1180:1
1181:0.415037
1182:0.263034
1183:3.33787
1184:3.33787
1185:3.33787
1186:3.33787
1187:3.33787
1188:0.5
1189:6.37504
1190:6.37504
1191:6.37504
1192:0.5
1193:4.98489
1194:4.98489
1195:0.5
1196:4.33628
1197:4.33628
1198:0.5
1199:2.64599
1200:2.64599
1201:0.5
1202:6.37504
1203:6.37504
1204:6.37504
1205:0.5
1206:1
1207:6.16323
1208:6.16323
1209:6.16323
1210:0.5
1211:6.14975
1212:6.14975
1213:6.37504
1214:6.37504
1215:6.37504
1216:0.5
1217:3.57154
1218:2
1219:0.5
1220:4.92283
1221:4.92283
1222:6.37504
1223:6.37504
1224:6.37504
1225:0.5
1226:4.01282
1227:4.01282
1228:6.37504
1229:6.37504
1230:0.5
1231:1
1232:6.50779
1233:6.50779
1234:6.50779
1235:6.37504
1236:6.37504
1237:6.37504
1238:0.5
1239:3.4185
1240:3.4185
1241:0.5
1242:4.24793
1243:4.24793
1244:6.37504
1245:0.5
1246:3.33787
1247:3.33787
1248:0.5
1249:1
1250:6.44294
1251:6.44294
1252:6.44294
1253:6.37504
1254:6.37504
1255:6.37504
1256:6.37504
1257:6.37504
1258:6.37504
1259:6.37504
1260:0.5
1261:5.61471
1262:5.61471
1263:0.5
1264:1
1265:6.50779
1266:6.50779
1267:6.50779
1268:6.37504
1269:6.37504
1270:6.37504
1271:6.37504
1272:6.37504
1273:6.37504
1274:6.37504
1275:0.5
1276:6.37504
1277:6.37504
1278:0.5
1279:1
1280:3.74894
1281:3.74894
1282:3.74894
1283:0.5
1284:1
1285:6.50779
1286:6.50779
1287:6.50779
1288:6.37504
1289:6.37504
1290:0.5
1291:5.63421
1292:5.63421
1293:0.5
1294:3.04103
1295:3.04103
1296:0.5
1297:6.53916
1298:6.53916
1299:0.5
1300:6.76818
1301:6.76818
1302:0.5
1303:3.87915
1304:3.87915
1305:6.37504
1306:6.37504
1307:6.37504
1308:6.37504
1309:0.5
1310:2.10109
1311:2.10109
1312:0.5
1313:1
1314:2.21791
1315:2.21791
1316:2.21791
1317:0.5
1318:6.27922
1319:6.27922
1320:0.5
1321:6.47573
1322:6.47573
1323:6.37504
1324:6.37504
1325:6.37504
1326:6.37504
1327:6.37504
1328:0.5
1329:4.47249
1330:4.47249
1331:0.5
1332:6.40939
1333:6.40939
1334:0.5
1335:1
1336:2.70571
1337:2.70571
1338:2.70571
1339:0.5
1340:3.7318
1341:3.7318
1342:6.37504
1343:0.5
1344:2.95777
1345:2.95777
1346:0.5
1347:2.98935
1348:2.98935
1349:6.37504
1350:0.5
1351:1
1352:4.59694
1353:4.59694
1354:4.59694
1355:6.37504
1356:6.37504
1357:6.37504
1358:0.5
1359:3.52925
1360:3.52925
1361:0.5
1362:3.36075
1363:2
1364:6.37504
1365:6.37504
1366:6.37504
1367:0.5
1368:3.21205
1369:3.21205
1370:6.37504
1371:6.37504
1372:0.5
1373:1
1374:3.36075
1375:3.36075
1376:3.36075
1377:6.37504
1378:0.5
1379:6.37504
1380:6.37504
1381:6.37504
1382:6.37504
1383:6.37504
1384:0.5
1385:3.19114
1386:3.19114
1387:6.37504
1388:6.37504
1389:0.5
1390:6.50779
1391:6.50779
1392:6.37504
1393:6.37504
1394:0.5
1395:1
1396:0.415037
1397:0.263034
1398:0.192645
1399:4.92283
1400:0.415037
1401:4.92283
1402:4.92283
1403:4.92283
1404:4.92283
1405:4.92283
1406:4.92283
1407:6.37504
1408:0.5
1409:1.87447
1410:1.87447
1411:0.5
1412:4.02975
1413:2
1414:0.5
1415:1
1416:7.93664
1417:7.93664
1418:7.93664
1419:6.37504
1420:6.37504
1421:0.5
1422:1
1423:3.93411
1424:3.93411
1425:3.93411
1426:6.37504
1427:6.37504
1428:0.5
1429:4.15381
1430:4.15381
1431:0.5
1432:3.73419
1433:3.73419
1434:0.5
1435:6.47573
1436:6.47573
1437:6.37504
1438:6.37504
1439:6.37504
1440:6.37504
1441:0.5
1442:7.62205
1443:7.62205
1444:0.5
1445:5.20945
1446:2
1447:6.37504
1448:6.37504
1449:0.5
1450:3.87915
1451:3.87915
1452:6.37504
1453:0.5
1454:6.37504
1455:6.37504
1456:0.5
1457:1.90414
1458:1.90414
1459:0.5
1460:4.82443
1461:4.82443
1462:6.37504
1463:0.5
1464:6.37504
1465:6.37504
1466:0.5
1467:4.01282
1468:4.01282
1469:6.37504
1470:6.37504
1471:6.37504
1472:6.37504
1473:0.5
1474:1
1475:0.415037
1476:4.82443
1477:4.82443
1478:4.82443
1479:4.82443
1480:0.5
1481:7.13955
1482:7.13955
1483:6.37504
1484:6.37504
1485:6.37504
1486:0.5
1487:3.33787
1488:3.33787
1489:0.5
1490:2.65076
1491:2.65076
1492:6.37504
1493:6.37504
1494:6.37504
1495:0.5
1496:5.18322
1497:5.18322
1498:0.5
1499:5.63421
1500:5.63421
1501:6.37504
1502:0.5
1503:3.93411
1504:3.93411
1505:0.5
1506:4.11151
1507:4.11151
1508:6.37504
1509:0.5
1510:4.73335
1511:4.73335
1512:6.37504
1513:6.37504
1514:0.5
1515:2.21791
1516:2.21791
1517:6.37504
1518:6.37504
1519:6.37504
1520:6.37504
1521:6.37504
1522:6.37504
1523:0.5
1524:6.82018
1525:6.82018
1526:6.37504
1527:0.5
1528:5.42626
1529:5.42626
1530:6.37504
1531:0.5
1532:2.64599
1533:2.64599
1534:6.37504
1535:0.5
1536:4.92283
1537:4.92283
1538:0.5
1539:6.62936
1540:6.62936
1541:6.37504
1542:6.37504
1543:0.5
1544:6.37504
1545:6.37504
1546:6.37504
1547:0.5
1548:2.9782
1549:2.9782
1550:6.37504
1551:0.5
1552:2.11548
1553:2.11548
1554:0.5
1555:4.18587
1556:4.18587
1557:0.5
1558:4.92283
1559:4.92283
1560:6.37504
1561:6.37504
1562:0.5
1563:2.95777
1564:2.95777
1565:6.37504
1566:6.37504
1567:0.5
1568:4.9542
1569:4.9542
1570:6.37504
1571:0.5
1572:1
1573:4.89077
1574:4.89077
1575:4.89077
1576:0.5
1577:5.54226
1578:5.54226
1579:0.5
1580:3.22463
1581:3.22463
1582:0.5
1583:1
1584:3.47478
1585:3.47478
1586:3.47478
1587:6.37504
1588:0.5
1589:6.47573
1590:6.47573
1591:0.5
1592:1
1593:6.47573
1594:6.47573
1595:6.47573
1596:6.37504
1597:6.37504
1598:0.5
1599:3.22463
1600:3.22463
1601:6.37504
1602:0.5
1603:5.04439
1604:5.04439
1605:6.37504
1606:0.5
1607:6.37504
1608:6.37504
1609:6.37504
1610:6.37504
1611:6.37504
1612:6.37504
1613:0.5
1614:4.98489
1615:4.98489
1616:0.5
1617:4.11151
1618:4.11151
1619:0.5
1620:6.47573
1621:6.47573
1622:6.37504
1623:6.37504
1624:0.5
1625:5.38082
1626:5.38082
1627:6.37504
1628:6.37504
1629:6.37504
1630:6.37504
1631:6.37504
1632:6.37504
1633:6.37504
1634:0.5
1635:7.40088
1636:7.40088
1637:0.5
1638:6.98868
1639:6.98868
1640:6.37504
1641:6.37504
1642:6.37504
1643:6.37504
1644:6.37504
1645:6.37504
1646:0.5
1647:6.37504
1648:6.37504
1649:6.37504
1650:6.37504
1651:0.5
1652:6.44294
1653:2
1654:6.37504
1655:6.37504
1656:0.5
1657:7.29462
1658:7.29462
1659:6.37504
1660:6.37504
1661:6.37504
1662:6.37504
1663:6.37504
1664:6.37504
1665:0.5
1666:1.90414
1667:1.90414
1668:0.5
1669:4.59694
1670:4.59694
1671:6.37504
1672:6.37504
1673:6.37504
1674:0.5
1675:4.82443
1676:4.82443
1677:6.37504
1678:0.5
1679:6.37504
1680:6.37504
1681:0.5
1682:4.11151
1683:4.11151
1684:6.37504
1685:0.5
1686:1
1687:0.415037
1688:0.324916
1689:0.678072
1690:0.324916
1691:0.324916
1692:0.324916
1693:0.324916
1694:0.5
1695:4.11151
1696:2
1697:6.37504
1698:6.37504
1699:0.5
1700:4.9542
1701:4.9542
1702:6.37504
1703:6.37504
1704:0.5
1705:4.9542
1706:4.9542
1707:6.37504
1708:6.37504
1709:6.37504
1710:6.37504
1711:0.5
1712:4.57827
1713:4.57827
1714:6.37504
1715:6.37504
1716:6.37504
1717:0.5
1718:6.76818
1719:2
1720:0.5
1721:1
1722:5.65344
1723:5.65344
1724:5.65344
1725:6.37504
1726:6.37504
1727:6.37504
1728:6.37504
1729:0.5
1730:3.66838
1731:3.66838
1732:0.5
1733:3.77259
1734:3.77259
1735:0.5
1736:7.01123
1737:7.01123
1738:6.37504
1739:6.37504
1740:6.37504
1741:0.5
1742:6.44294
1743:6.44294
1744:6.37504
1745:0.5
1746:1
1747:6.47573
1748:6.47573
1749:6.47573
1750:6.37504
1751:6.37504
1752:0.5
1753:1
1754:0.415037
1755:0.263034
1756:0.192645
1757:0.152003
1758:0.125531
1759:6.37504
1760:0.29956
1761:6.37504
1762:6.37504
1763:6.37504
1764:6.37504
1765:6.37504
1766:6.37504
1767:6.37504
1768:6.37504
1769:6.37504
1770:6.37504
1771:6.37504
1772:6.37504
1773:6.37504
1774:6.37504
1775:6.37504
1776:6.37504
1777:6.37504
1778:6.37504
1779:6.37504
1780:0.5
1781:4.92283
1782:2
1783:0.5
1784:1
1785:4.20387
1786:4.20387
1787:4.20387
1788:6.37504
1789:6.37504
1790:6.37504
1791:6.37504
1792:6.37504
1793:6.37504
1794:6.37504
1795:6.37504
1796:6.37504
1797:0.5
1798:5.23522
1799:5.23522
1800:6.37504
1801:6.37504
1802:0.5
1803:4.92283
1804:2
1805:6.37504
1806:6.37504
1807:0.5
1808:6.27922
1809:6.27922
1810:6.37504
1811:6.37504
1812:6.37504
1813:0.5
1814:1
1815:6.37504
1816:1
1817:6.37504
1818:6.37504
1819:6.37504
1820:0.5
1821:6.37504
1822:6.37504
1823:6.37504
1824:0.5
1825:3.33787
1826:3.33787
1827:6.37504
1828:6.37504
1829:6.37504
1830:6.37504
1831:0.5
1832:4.98489
1833:2
1834:6.37504
1835:6.37504
1836:0.5
1837:4.18587
1838:4.18587
1839:6.37504
1840:6.37504
1841:0.5
1842:3.09398
1843:3.09398
1844:6.37504
1845:6.37504
1846:0.5
1847:3.14048
1848:3.14048
1849:6.37504
1850:6.37504
1851:0.5
1852:3.21205
1853:3.21205
1854:6.37504
1855:6.37504
1856:6.37504
1857:0.5
1858:5.65344
1859:5.65344
1860:6.37504
1861:0.5
1862:1
1863:6.40939
1864:6.40939
1865:6.40939
1866:6.37504
1867:6.37504
1868:6.37504
1869:6.37504
1870:0.5
1871:3.822
1872:3.822
1873:0.5
1874:4.92283
1875:4.92283
1876:0.5
1877:4.82443
1878:4.82443
1879:6.37504
1880:0.5
1881:1
1882:3.822
1883:3.822
1884:3.822
1885:0.5
1886:7.2384
1887:7.2384
1888:0.5
1889:5.49185
1890:5.49185
1891:0.5
1892:2.7038
1893:2.7038
1894:0.5
1895:4.22437
1896:4.22437
1897:0.5
1898:4.92283
1899:2
1900:6.37504
1901:6.37504
1902:6.37504
1903:6.37504
1904:0.5
1905:3.22463
1906:3.22463
1907:6.37504
1908:6.37504
1909:6.37504
1910:6.37504
1911:0.5
1912:4.82443
1913:4.82443
1914:0.5
1915:4.82443
1916:4.82443
1917:0.5
1918:4.57827
1919:4.57827
1920:6.37504
1921:6.37504
1922:6.37504
1923:0.5
1924:4.11151
1925:4.11151
1926:0.5
1927:4.85798
1928:4.85798
1929:6.37504
1930:6.37504
1931:6.37504
1932:6.37504
1933:6.37504
1934:0.5
1935:4.62727
1936:4.62727
1937:6.37504
1938:0.5
1939:3.77259
1940:3.77259
1941:6.37504
1942:0.5
1943:3.31342
1944:3.31342
1945:6.37504
1946:0.5
1947:2.1078
1948:2.1078
1949:6.37504
1950:0.5
1951:4.82443
1952:4.82443
1953:6.37504
1954:0.5
1955:6.37504
1956:6.37504
1957:0.5
1958:3.24207
1959:3.24207
1960:6.37504
1961:6.37504
1962:6.37504
1963:6.37504
1964:0.5
1965:6.50779
1966:6.50779
1967:6.37504
1968:6.37504
1969:0.5
1970:2.69302
1971:2.69302
1972:0.5
1973:4.82443
1974:2
1975:6.37504
1976:6.37504
1977:6.37504
1978:0.5
1979:4.62727
1980:4.62727
1981:6.37504
1982:6.37504
1983:6.37504
1984:0.5
1985:5.69116
1986:5.69116
1987:6.37504
1988:0.5
1989:1
1990:3.93411
1991:3.93411
1992:3.93411
1993:6.37504
1994:0.5
1995:4.92283
1996:4.92283
1997:6.37504
1998:6.37504
1999:0.5
2000:5.04439
2001:5.04439
2002:0.5
2003:1.10764
2004:1.10764
2005:0.5
2006:6.56986
2007:6.56986
2008:0.5
2009:6.82018
2010:6.82018
2011:0.5
2012:1.76553
2013:1.76553
2014:6.37504
2015:6.37504
2016:6.37504
2017:6.37504
2018:0.5
2019:5.42626
2020:5.42626
2021:6.37504
2022:0.5
2023:4.92283
2024:4.92283
2025:6.37504
2026:0.5
2027:6.53916
2028:6.53916
2029:6.37504
2030:0.5
2031:5.42626
2032:5.42626
2033:0.5
2034:1
2035:1.46811
2036:1
2037:1.46811
2038:1.46811
2039:1.46811
2040:0.5
2041:4.08746
2042:4.08746
2043:6.37504
2044:6.37504
2045:6.37504
2046:0.5
2047:6.44294
2048:6.44294
2049:0.5
2050:4.9542
2051:4.9542
2052:6.37504
2053:6.37504
2054:0.5
2055:7.01123
2056:7.01123
2057:6.37504
2058:6.37504
2059:0.5
2060:6.50779
2061:6.50779
2062:0.5
2063:4.9542
2064:4.9542
2065:0.5
2066:2.80735
2067:2.80735
2068:6.37504
2069:0.5
2070:4.62727
2071:4.62727
2072:6.37504
2073:0.5
2074:4.9542
2075:4.9542
2076:0.5
2077:3.51873
2078:3.51873
2079:6.37504
2080:6.37504
2081:0.5
2082:3.28204
2083:3.28204
2084:6.37504
2085:6.37504
2086:6.37504
2087:0.5
2088:6.50779
2089:6.50779
2090:0.5
2091:3.77259
2092:3.77259
2093:0.5
2094:5.54226
2095:5.54226
2096:0.5
2097:3.22463
2098:3.22463
2099:6.37504
2100:0.5
2101:4.18587
2102:4.18587
2103:0.5
2104:2.19579
2105:2
2106:6.37504
2107:0.5
2108:3.11042
2109:3.11042
2110:6.37504
2111:6.37504
2112:0.5
2113:3.47947
2114:3.47947
2115:0.5
2116:2.78759
2117:2.78759
2118:0.5
2119:4.18133
2120:4.18133
2121:6.37504
2122:6.37504
2123:6.37504
2124:0.5
2125:7.2384
2126:7.2384
2127:6.37504
2128:6.37504
2129:0.5
2130:2.95777
2131:2.95777
2132:6.37504
2133:6.37504
2134:6.37504
2135:6.37504
2136:6.37504
2137:6.37504
2138:0.5
2139:5.04439
2140:5.04439
2141:6.37504
2142:6.37504
2143:0.5
2144:4.98489
2145:4.98489
2146:0.5
2147:7.13955
2148:7.13955
2149:0.5
2150:6.37504
2151:6.37504
2152:0.5
2153:1
2154:1.10764
2155:1.10764
2156:1.10764
2157:6.37504
2158:6.37504
2159:0.5
2160:5.47897
2161:5.47897
2162:6.37504
2163:6.37504
2164:6.37504
2165:6.37504
2166:6.37504
2167:6.37504
2168:6.37504
2169:0.5
2170:7.62205
2171:7.62205
2172:0.5
2173:4.73335
2174:4.73335
2175:0.5
2176:6.40939
2177:6.40939
2178:6.37504
2179:0.5
2180:6.47573
2181:6.47573
2182:0.5
2183:6.74147
2184:6.74147
2185:6.37504
2186:0.5
2187:4.92283
2188:2
2189:6.37504
2190:6.37504
2191:0.5
2192:5.65344
2193:5.65344
2194:0.5
2195:4.92283
2196:4.92283
2197:6.37504
2198:6.37504
2199:0.5
2200:6.44294
2201:6.44294
2202:6.37504
2203:6.37504
2204:0.5
2205:4.18587
2206:4.18587
2207:6.37504
2208:6.37504
2209:6.37504
2210:6.37504
2211:0.5
2212:4.33628
2213:4.33628
2214:6.37504
2215:0.5
2216:1
2217:5.35755
2218:5.35755
2219:5.35755
2220:0.5
2221:3.88536
2222:3.88536
2223:6.37504
2224:6.37504
2225:6.37504
2226:6.37504
2227:6.37504
2228:6.37504
2229:6.37504
2230:0.5
2231:5.07325
2232:5.07325
2233:0.5
2234:2.19579
2235:2.19579
2236:0.5
2237:6.37504
2238:6.37504
2239:0.5
2240:3.22463
2241:3.22463
2242:6.37504
2243:0.5
2244:4.92283
2245:4.92283
2246:6.37504
2247:6.37504
2248:6.37504
2249:0.5
2250:2.83458
2251:2.83458
2252:6.37504
2253:6.37504
2254:6.37504
2255:6.37504
2256:6.37504
2257:6.37504
2258:6.37504
2259:6.37504
2260:6.37504
2261:0.5
2262:4.82443
2263:4.82443
2264:0.5
2265:6.56986
2266:6.56986
2267:6.37504
2268:6.37504
2269:0.5
2270:3.50027
2271:3.50027
2272:6.37504
2273:6.37504
2274:6.37504
2275:0.5
2276:4.18587
2277:4.18587
2278:6.37504
2279:0.5
2280:4.92283
2281:4.92283
2282:6.37504
2283:6.37504
2284:6.37504
2285:6.37504
2286:6.37504
2287:6.37504
2288:6.37504
2289:6.37504
2290:0.5
2291:4.82443
2292:4.82443
2293:6.37504
2294:6.37504
2295:6.37504
2296:6.37504
2297:6.37504
2298:6.37504
2299:0.5
2300:7.87652
2301:7.87652
2302:0.5
2303:7.01123
2304:7.01123
2305:6.37504
2306:6.37504
2307:6.37504
2308:6.37504
2309:6.37504
2310:6.37504
2311:6.37504
2312:0.5
2313:4.18587
2314:4.18587
2315:0.5
2316:6.66391
2317:6.66391
2318:0.5
2319:1.24189
2320:1.24189
2321:6.37504
2322:6.37504
2323:0.5
2324:4.49825
2325:4.49825
2326:6.37504
2327:6.37504
2328:6.37504
2329:6.37504
2330:6.37504
2331:6.37504
2332:6.37504
2333:6.37504
2334:6.37504
2335:6.37504
2336:0.5
2337:4.82443
2338:4.82443
2339:6.37504
2340:6.37504
2341:6.37504
2342:0.5
2343:2.5429
2344:2.5429
2345:0.5
2346:6.94251
2347:6.94251
2348:6.37504
2349:6.37504
2350:6.37504
2351:6.37504
2352:6.37504
2353:6.37504
2354:0.5
2355:6.53916
2356:6.53916
2357:6.37504
2358:6.37504
2359:0.5
2360:7.21917
2361:7.21917
2362:6.37504
2363:0.5
2364:3.50027
2365:3.50027
2366:6.37504
2367:0.5
2368:4.73335
2369:4.73335
2370:6.37504
2371:6.37504
2372:0.5
2373:1
2374:6.37504
2375:6.37504
2376:6.37504
2377:0.5
2378:4.41954
2379:4.41954
2380:0.5
2381:5.10154
2382:5.10154
2383:6.37504
2384:6.37504
2385:6.37504
2386:6.37504
2387:6.37504
2388:0.5
2389:6.16323
2390:6.16323
2391:6.37504
2392:0.5
2393:6.62936
2394:6.62936
2395:6.37504
2396:0.5
2397:5.61471
2398:5.61471
2399:6.37504
2400:0.5
2401:2.21791
2402:2.21791
2403:6.37504
2404:0.5
2405:3.79586
2406:3.79586
2407:0.5
2408:6.37504
2409:6.37504
2410:0.5
2411:1
2412:4.33628
2413:4.33628
2414:4.33628
2415:0.5
2416:8.98584
2417:8.98584
2418:6.37504
2419:0.5
2420:4.82443
2421:4.82443
2422:6.37504
2423:6.37504
2424:6.37504
2425:6.37504
2426:0.5
2427:6.37504
2428:6.37504
2429:6.37504
2430:0.5
2431:1.90099
2432:1.90099
2433:6.37504
2434:6.37504
2435:6.37504
2436:6.37504
2437:0.5
2438:4.02975
2439:4.02975
2440:6.37504
2441:6.37504
2442:0.5
2443:3.51873
2444:3.51873
2445:0.5
2446:1
2447:0.415037
2448:0.263034
2449:0.192645
2450:0.152003
2451:0.125531
2452:2.4021
2453:2.4021
2454:2.4021
2455:2.4021
2456:2.4021
2457:2.4021
2458:2.4021
2459:2.4021
2460:0.5
2461:3.7625
2462:3.7625
2463:0.5
2464:5.65344
2465:5.65344
2466:6.37504
2467:0.5
2468:2.95777
2469:2.95777
2470:6.37504
2471:0.5
2472:6.37504
2473:6.37504
2474:6.37504
2475:6.37504
2476:0.5
2477:4.15381
2478:4.15381
2479:0.5
2480:3.73419
2481:3.73419
2482:0.5
2483:4.28876
2484:4.28876
2485:0.5
2486:4.33628
2487:4.33628
2488:0.5
2489:1
2490:6.62936
2491:6.62936
2492:6.62936
2493:0.5
2494:1
2495:4.70834
2496:4.70834
2497:4.70834
2498:6.37504
2499:6.37504
2500:0.5
2501:1
2502:6.37504
2503:6.37504
2504:6.37504
2505:0.5
2506:4.15381
2507:4.15381
2508:0.5
2509:3.73419
2510:2
2511:0.5
2512:7.13955
2513:7.13955
2514:0.5
2515:3.33787
2516:3.33787
2517:6.37504
2518:6.37504
2519:6.37504
2520:0.5
2521:5.04439
2522:5.04439
2523:0.5
2524:5.65344
2525:5.65344
2526:0.5
2527:4.11151
2528:4.11151
2529:6.37504
2530:6.37504
2531:6.37504
2532:0.5
2533:3.66838
2534:3.66838
2535:6.37504
2536:0.5
2537:5.49185
2538:5.49185
2539:0.5
2540:4.57827
2541:4.57827
2542:0.5
2543:5.65344
2544:2
2545:0.5
2546:4.92283
2547:4.92283
2548:0.5
2549:1
2550:6.37504
2551:6.37504
2552:6.37504
2553:0.5
2554:2.21791
2555:2.21791
2556:6.37504
2557:6.37504
2558:6.37504
2559:6.37504
2560:6.37504
2561:6.37504
2562:6.37504
2563:6.37504
2564:6.37504
2565:6.37504
2566:6.37504
2567:6.37504
2568:6.37504
2569:0.5
2570:6.37504
2571:6.37504
2572:6.37504
2573:0.5
2574:7.01123
2575:7.01123
2576:6.37504
2577:0.5
2578:6.40939
2579:6.40939
2580:0.5
2581:2.14923
2582:2.14923
2583:0.5
2584:6.79442
2585:2
2586:6.37504
2587:6.37504
2588:0.5
2589:4.18587
2590:4.18587
2591:6.37504
2592:6.37504
2593:0.5
2594:6.40939
2595:6.40939
2596:6.37504
2597:6.37504
2598:6.37504
2599:6.37504
2600:6.37504
2601:6.37504
2602:6.37504
2603:0.5
2604:7.19967
2605:7.19967
2606:0.5
2607:4.28876
2608:4.28876
2609:6.37504
2610:6.37504
2611:6.37504
2612:6.37504
2613:6.37504
2614:0.5
2615:3.66838
2616:3.66838
2617:0.5
2618:2.5429
2619:2.5429
2620:6.37504
2621:6.37504
2622:6.37504
2623:0.5
2624:1
2625:0.415037
2626:2.80735
2627:2.80735
2628:2.80735
2629:2.80735
2630:6.37504
2631:6.37504
2632:0.5
2633:6.37504
2634:6.37504
2635:6.37504
2636:0.5
2637:2.80735
2638:2.80735
2639:0.5
2640:6.29155
2641:6.29155
2642:6.37504
2643:6.37504
2644:6.37504
2645:6.37504
2646:6.37504
2647:6.37504
2648:6.37504
2649:6.37504
2650:6.37504
2651:6.37504
2652:6.37504
2653:0.5
2654:5.63421
2655:5.63421
2656:0.5
2657:1
2658:2.21791
2659:2.21791
2660:2.21791
2661:0.5
2662:3.04103
2663:3.04103
2664:6.37504
2665:0.5
2666:6.37504
2667:6.37504
2668:0.5
2669:7.21917
2670:7.21917
2671:0.5
2672:4.57827
2673:2
2674:6.37504
2675:6.37504
2676:6.37504
2677:6.37504
2678:0.5
2679:1
2680:4.82443
2681:4.82443
2682:4.82443
2683:0.5
2684:1
2685:6.62936
2686:6.62936
2687:6.62936
2688:0.5
2689:7.09803
2690:7.09803
2691:6.37504
2692:6.37504
2693:0.5
2694:6.47573
2695:6.47573
2696:6.37504
2697:6.37504
2698:6.37504
2699:0.5
2700:7.01123
2701:7.01123
2702:0.5
2703:6.44294
2704:6.44294
2705:6.37504
2706:0.5
2707:6.53916
2708:6.53916
2709:0.5
2710:6.37504
2711:6.37504
2712:6.37504
2713:6.37504
2714:6.37504
2715:6.37504
2716:6.37504
2717:6.37504
2718:6.37504
2719:6.37504
2720:0.5
2721:4.9542
2722:4.9542
2723:6.37504
2724:6.37504
2725:6.37504
2726:6.37504
2727:0.5
2728:6.47573
2729:6.47573
2730:6.37504
2731:6.37504
2732:6.37504
2733:6.37504
2734:6.37504
2735:6.37504
2736:6.37504
2737:6.37504
2738:6.37504
2739:6.37504
2740:6.37504
2741:6.37504
2742:0.5
2743:4.73335
2744:2
2745:0.5
2746:3.04103
2747:3.04103
2748:0.5
2749:6.53916
2750:6.53916
2751:0.5
2752:1.9301
2753:1.9301
2754:6.37504
2755:0.5
2756:2.21791
2757:2.21791
2758:0.5
2759:6.74147
2760:6.74147
2761:6.37504
2762:6.37504
2763:6.37504
2764:6.37504
2765:6.37504
2766:0.5
2767:5.18322
2768:5.18322
2769:0.5
2770:4.39232
2771:4.39232
2772:6.37504
2773:6.37504
2774:0.5
2775:5.04439
2776:5.04439
2777:0.5
2778:4.85798
2779:4.85798
2780:0.5
2781:3.93411
2782:3.93411
2783:6.37504
2784:0.5
2785:1
2786:4.82443
2787:4.82443
2788:4.82443
2789:6.37504
2790:6.37504
2791:0.5
2792:1
2793:6.37504
2794:6.37504
2795:6.37504
2796:0.5
2797:1
2798:3.57154
2799:3.57154
2800:3.57154
2801:6.37504
2802:0.5
2803:6.40939
2804:6.40939
2805:0.5
2806:3.79586
2807:3.79586
2808:0.5
2809:6.37504
2810:6.37504
2811:0.5
2812:7.01123
2813:7.01123
2814:0.5
2815:4.28876
2816:4.28876
2817:0.5
2818:4.15381
2819:4.15381
2820:6.37504
2821:0.5
2822:5.42626
2823:5.42626
2824:0.5
2825:2.5429
2826:2.5429
2827:0.5
2828:1
2829:2.85505
2830:2.85505
2831:2.85505
2832:0.5
2833:6.53916
2834:6.53916
2835:6.37504
2836:6.37504
2837:6.37504
2838:6.37504
2839:6.37504
2840:6.37504
2841:0.5
2842:4.33628
2843:4.33628
2844:6.37504
2845:6.37504
2846:6.37504
2847:0.5
2848:4.92283
2849:4.92283
2850:6.37504
2851:0.5
2852:6.27922
2853:6.27922
2854:0.5
2855:3.66838
2856:3.66838
2857:0.5
2858:2.5429
2859:2.5429
2860:6.37504
2861:0.5
2862:3.52925
2863:3.52925
2864:6.37504
2865:6.37504
2866:6.37504
2867:6.37504
2868:0.5
2869:3.36075
2870:3.36075
2871:6.37504
2872:6.37504
2873:6.37504
2874:6.37504
2875:6.37504
2876:6.37504
2877:6.37504
2878:0.5
2879:3.4185
2880:3.4185
2881:0.5
2882:4.24793
2883:4.24793
2884:6.37504
2885:0.5
2886:1
2887:3.52925
2888:3.52925
2889:3.52925
2890:0.5
2891:3.77259
2892:3.77259
2893:6.37504
2894:6.37504
2895:0.5
2896:7.19967
2897:2
2898:0.5
2899:7.01123
2900:7.01123
2901:0.5
2902:1
2903:1.9301
2904:1.9301
2905:1.9301
2906:0.5
2907:2.7038
2908:2.7038
2909:6.37504
2910:6.37504
2911:0.5
2912:2.75803
2913:2.75803
2914:6.37504
2915:6.37504
2916:6.37504
2917:6.37504
2918:6.37504
2919:0.5
2920:5.07895
2921:5.07895
2922:6.37504
2923:0.5
2924:3.52774
2925:3.52774
2926:0.5
2927:6.53916
2928:2
2929:6.37504
2930:6.37504
2931:6.37504
2932:6.37504
2933:6.37504
2934:0.5
2935:7.34873
2936:7.34873
2937:0.5
2938:6.27922
2939:6.27922
2940:6.37504
2941:0.5
2942:5.23522
2943:2
2944:6.37504
2945:6.37504
2946:0.5
2947:4.89077
2948:4.89077
2949:6.37504
2950:6.37504
2951:6.37504
2952:0.5
2953:4.17608
2954:4.17608
2955:6.37504
2956:6.37504
2957:0.5
2958:6.37504
2959:6.37504
2960:0.5
2961:4.89724
2962:4.89724
2963:0.5
2964:1
2965:6.40939
2966:1
2967:0.678072
2968:6.40939
2969:6.40939
2970:6.40939
2971:6.40939
2972:6.37504
2973:0.5
2974:3.4185
2975:3.4185
2976:6.37504
2977:6.37504
2978:6.37504
2979:0.5
2980:1.67659
2981:1.67659
2982:0.5
2983:4.89077
2984:4.89077
2985:0.5
2986:1.67659
2987:1.67659
2988:6.37504
2989:0.5
2990:1
2991:0.415037
2992:0.263034
2993:7.73471
2994:7.73471
2995:0.777608
2996:7.73471
2997:7.73471
2998:7.73471
2999:7.73471
3000:0.5
3001:7.01123
3002:7.01123
3003:6.37504
3004:6.37504
3005:0.5
3006:6.53916
3007:6.53916
3008:0.5
3009:4.85798
3010:4.85798
3011:6.37504
3012:6.37504
3013:0.5
3014:1
3015:6.40939
3016:6.40939
3017:6.40939
3018:6.37504
3019:0.5
3020:3.73419
3021:3.73419
3022:0.5
3023:4.98489
3024:4.98489
3025:6.37504
3026:6.37504
3027:6.37504
3028:6.37504
3029:0.5
3030:3.4185
3031:3.4185
3032:6.37504
3033:6.37504
3034:0.5
3035:2.67094
3036:2.67094
3037:6.37504
3038:6.37504
3039:6.37504
3040:6.37504
3041:0.5
3042:6.62936
3043:2
3044:6.37504
3045:6.37504
3046:6.37504
3047:6.37504
3048:6.37504
3049:0.5
3050:4.82443
3051:4.82443
3052:6.37504
3053:6.37504
3054:6.37504
3055:6.37504
3056:0.5
3057:6.37504
3058:6.37504
3059:0.5
3060:1
3061:3.33787
3062:3.33787
3063:3.33787
3064:6.37504
3065:6.37504
3066:6.37504
3067:6.37504
3068:6.37504
3069:6.37504
3070:6.37504
3071:6.37504
3072:6.37504
3073:6.37504
3074:6.37504
3075:6.37504
3076:0.5
3077:5.04439
3078:5.04439
3079:6.37504
3080:6.37504
3081:6.37504
3082:6.37504
3083:6.37504
3084:0.5
3085:4.21723
3086:4.21723
3087:0.5
3088:1
3089:7.40088
3090:7.40088
3091:7.40088
3092:6.37504
3093:0.5
3094:4.82443
3095:4.82443
3096:6.37504
3097:0.5
3098:3.66838
3099:3.66838
3100:0.5
3101:4.7761
3102:4.7761
3103:6.37504
3104:0.5
3105:2.57665
3106:2.57665
3107:0.5
3108:4.18587
3109:2
3110:0.5
3111:4.82443
3112:4.82443
3113:6.37504
3114:6.37504
3115:0.5
3116:1
3117:4.59694
3118:4.59694
3119:4.59694
3120:0.5
3121:5.04439
3122:5.04439
3123:0.5
3124:3.92811
3125:3.92811
3126:6.37504
3127:6.37504
3128:6.37504
3129:6.37504
3130:6.37504
3131:0.5
3132:4.21723
3133:4.21723
3134:0.5
3135:4.59694
3136:4.59694
3137:6.37504
3138:6.37504
3139:0.5
3140:7.21917
3141:7.21917
3142:0.5
3143:6.91886
3144:6.91886
3145:0.5
3146:4.92283
3147:4.92283
3148:6.37504
3149:6.37504
3150:6.37504
3151:6.37504
3152:6.37504
3153:6.37504
3154:6.37504
3155:0.5
3156:4.12102
3157:4.12102
3158:6.37504
3159:0.5
3160:2.21791
3161:2.21791
3162:0.5
3163:6.37504
3164:6.37504
3165:0.5
3166:7.29462
3167:7.29462
3168:6.37504
3169:6.37504
3170:6.37504
3171:0.5
3172:1
3173:4.8147
3174:4.8147
3175:4.8147
3176:6.37504
3177:6.37504
3178:6.37504
3179:0.5
3180:7.19967
3181:7.19967
3182:0.5
3183:6.16323
3184:6.16323
3185:6.37504
3186:6.37504
3187:6.37504
3188:6.37504
3189:0.5
3190:2.1078
3191:2.1078
3192:6.37504
3193:6.37504
3194:6.37504
3195:6.37504
3196:6.37504
3197:0.5
3198:4.62727
3199:4.62727
3200:6.37504
3201:0.5
3202:4.92283
3203:4.92283
3204:6.37504
3205:0.5
3206:4.92283
3207:4.92283
3208:6.37504
3209:0.5
3210:4.82443
3211:4.82443
3212:0.5
3213:4.57827
3214:4.57827
3215:0.5
3216:4.11151
3217:4.11151
3218:0.5
3219:6.82018
3220:6.82018
3221:6.37504
3222:6.37504
3223:0.5
3224:5.81592
3225:5.81592
3226:0.5
3227:2.80735
3228:2.80735
3229:0.5
3230:3.77259
3231:3.77259
3232:0.5
3233:6.37504
3234:6.37504
3235:6.37504
3236:0.5
3237:1
3238:1.87447
3239:1.87447
3240:1.87447
3241:6.37504
3242:0.5
3243:1
3244:6.50779
3245:6.50779
3246:6.50779
3247:6.37504
3248:0.5
3249:3.33787
3250:3.33787
3251:0.5
3252:4.92283
3253:4.92283
3254:6.37504
3255:0.5
3256:4.85798
3257:4.85798
3258:0.5
3259:3.09245
3260:3.09245
3261:0.5
3262:3.93411
3263:3.93411
3264:0.5
3265:4.17608
3266:4.17608
3267:6.37504
3268:0.5
3269:1
3270:4.9542
3271:4.9542
3272:4.9542
3273:6.37504
3274:6.37504
3275:0.5
3276:5.3339
3277:2
3278:6.37504
3279:6.37504
3280:0.5
3281:4.82443
3282:4.82443
3283:0.5
3284:3.77259
3285:3.77259
3286:6.37504
3287:0.5
3288:4.01792
3289:4.01792
3290:6.37504
3291:6.37504
3292:0.5
3293:4.92283
3294:4.92283
3295:6.37504
3296:6.37504
3297:6.37504
3298:0.5
3299:4.18587
3300:4.18587
3301:6.37504
3302:6.37504
3303:6.37504
3304:6.37504
3305:6.37504
3306:6.37504
3307:0.5
3308:4.26946
3309:4.26946
3310:6.37504
3311:0.5
3312:3.57154
3313:3.57154
3314:6.37504
3315:6.37504
3316:6.37504
3317:6.37504
3318:6.37504
3319:0.5
3320:4.9542
3321:4.9542
3322:6.37504
3323:6.37504
3324:0.5
3325:2.64599
3326:2.64599
3327:0.5
3328:4.82443
3329:4.82443
3330:6.37504
3331:0.5
3332:5.04439
3333:5.04439
3334:0.5
3335:3.51873
3336:3.51873
3337:6.37504
3338:6.37504
3339:6.37504
3340:6.37504
3341:6.37504
3342:6.37504
3343:0.5
3344:6.50779
3345:6.50779
3346:0.5
3347:5.1565
3348:5.1565
3349:6.37504
3350:0.5
3351:4.89077
3352:4.89077
3353:6.37504
3354:6.37504
3355:6.37504
3356:6.37504
3357:0.5
3358:4.47249
3359:4.47249
3360:0.5
3361:1.87447
3362:1.87447
3363:6.37504
3364:6.37504
3365:6.37504
3366:6.37504
3367:6.37504
3368:0.5
3369:2.64599
3370:2.64599
3371:0.5
3372:6.27922
3373:6.27922
3374:6.37504
3375:6.37504
3376:0.5
3377:6.56986
3378:6.56986
3379:6.37504
3380:6.37504
3381:6.37504
3382:0.5
3383:5.38082
3384:5.38082
3385:0.5
3386:7.40088
3387:7.40088
3388:6.37504
3389:0.5
3390:4.20387
3391:4.20387
3392:6.37504
3393:6.37504
3394:6.37504
3395:0.5
3396:4.33628
3397:4.33628
3398:6.37504
3399:6.37504
3400:6.37504
3401:6.37504
3402:6.37504
3403:0.5
3404:6.47573
3405:6.47573
3406:6.37504
3407:0.5
3408:4.82443
3409:4.82443
3410:6.37504
3411:6.37504
3412:0.5
3413:4.59694
3414:4.59694
3415:6.37504
3416:6.37504
3417:6.37504
3418:0.5
3419:3.57154
3420:3.57154
3421:6.37504
3422:6.37504
3423:6.37504
3424:6.37504
3425:0.5
3426:4.62727
3427:4.62727
3428:0.5
3429:4.92283
3430:4.92283
3431:6.37504
3432:0.5
3433:4.82443
3434:4.82443
3435:6.37504
3436:0.5
3437:4.92283
3438:4.92283
3439:0.5
3440:6.91886
3441:6.91886
3442:0.5
3443:6.47573
3444:6.47573
3445:6.37504
3446:0.5
3447:6.50779
3448:6.50779
3449:6.37504
3450:6.37504
3451:6.37504
3452:6.37504
3453:6.37504
3454:6.37504
3455:6.37504
3456:0.5
3457:4.82443
3458:4.82443
3459:0.5
3460:6.27922
3461:2
3462:6.37504
3463:6.37504
3464:6.37504
3465:6.37504
3466:0.5
3467:4.89077
3468:4.89077
3469:0.5
3470:2.36119
3471:2.36119
3472:0.5
3473:6.50779
3474:6.50779
3475:0.5
3476:1
3477:2.21791
3478:2.21791
3479:2.21791
3480:0.5
3481:3.10434
3482:3.10434
3483:6.37504
3484:0.5
3485:6.27922
3486:2
3487:6.37504
3488:0.5
3489:2.21791
3490:2.21791
3491:0.5
3492:6.37504
3493:6.37504
3494:0.5
3495:6.50779
3496:6.50779
3497:6.37504
3498:6.37504
3499:6.37504
3500:0.5
3501:3.53797
3502:3.53797
3503:6.37504
3504:6.37504
3505:6.37504
3506:0.5
3507:5.38082
3508:5.38082
3509:6.37504
3510:6.37504
3511:6.37504
3512:0.5
3513:6.37504
3514:6.37504
3515:6.37504
3516:6.37504
3517:0.5
3518:4.16375
3519:4.16375
3520:6.37504
3521:6.37504
3522:6.37504
3523:0.5
3524:6.44294
3525:6.44294
3526:6.37504
3527:6.37504
3528:6.37504
3529:0.5
3530:4.59694
3531:4.59694
3532:6.37504
3533:0.5
3534:4.85798
3535:4.85798
3536:6.37504
3537:0.5
3538:4.82443
3539:4.82443
3540:6.37504
3541:6.37504
3542:0.5
3543:6.98868
3544:6.98868
3545:6.37504
3546:6.37504
3547:6.37504
3548:6.37504
3549:6.37504
3550:6.37504
3551:6.37504
3552:0.5
3553:3.96083
3554:3.96083
3555:0.5
3556:5.3339
3557:5.3339
3558:0.5
3559:4.9542
3560:4.9542
3561:6.37504
3562:0.5
3563:1
3564:5.61471
3565:5.61471
3566:5.61471
3567:0.5
3568:5.65344
3569:5.65344
3570:6.37504
3571:0.5
3572:2.23173
3573:2.23173
3574:6.37504
3575:6.37504
3576:6.37504
3577:6.37504
3578:6.37504
3579:6.37504
3580:0.5
3581:5.70966
3582:5.70966
3583:6.37504
3584:0.5
3585:4.9542
3586:4.9542
3587:0.5
3588:6.91886
3589:6.91886
3590:0.5
3591:4.15381
3592:4.15381
3593:0.5
3594:3.73419
3595:3.73419
3596:6.37504
3597:6.37504
3598:0.5
3599:2.5429
3600:2.5429
3601:0.5
3602:2.85505
3603:2.85505
3604:0.5
3605:3.36075
3606:2
3607:6.37504
3608:0.5
3609:5.30986
3610:5.30986
3611:0.5
3612:1
3613:1.87447
3614:1.87447
3615:1.41504
3616:0.5
3617:7.13955
3618:7.13955
3619:0.5
3620:3.93411
3621:3.93411
3622:6.37504
3623:6.37504
3624:6.37504
3625:6.37504
3626:6.37504
3627:0.5
3628:5.04439
3629:5.04439
3630:0.5
3631:4.15381
3632:4.15381
3633:0.5
3634:3.73419
3635:3.73419
3636:0.5
3637:1
3638:3.53797
3639:3.53797
3640:3.53797
3641:6.37504
3642:0.5
3643:4.15381
3644:4.15381
3645:0.5
3646:5.07325
3647:5.07325
3648:6.37504
3649:6.37504
3650:0.5
3651:2.65076
3652:2.65076
3653:6.37504
3654:6.37504
3655:6.37504
3656:6.37504
3657:6.37504
3658:6.37504
3659:0.5
3660:3.29278
3661:3.29278
3662:0.5
3663:1
3664:6.59991
3665:1
3666:6.59991
3667:6.59991
3668:1.26303
3669:0.5
3670:1
3671:5.61471
3672:5.61471
3673:5.61471
3674:0.5
3675:1
3676:4.46877
3677:4.46877
3678:1.41504
3679:6.37504
3680:0.5
3681:2.49354
3682:2.49354
3683:6.37504
3684:6.37504
3685:0.5
3686:2.65076
3687:2
3688:6.37504
3689:0.5
3690:3.93411
3691:3.93411
3692:6.37504
3693:6.37504
3694:0.5
3695:1
3696:0.415037
3697:6.37504
3698:6.37504
3699:6.37504
3700:6.37504
3701:0.5
3702:3.73419
3703:3.73419
3704:6.37504
3705:6.37504
3706:6.37504
3707:6.37504
3708:6.37504
3709:6.37504
3710:6.37504
3711:0.5
3712:7.01123
3713:7.01123
3714:0.5
3715:1
3716:3.83519
3717:3.83519
3718:3.83519
3719:0.5
3720:2.1307
3721:2.1307
3722:0.5
3723:7.01123
3724:7.01123
3725:0.5
3726:4.17608
3727:4.17608
3728:6.37504
3729:0.5
3730:4.69426
3731:4.69426
3732:0.5
3733:4.41954
3734:4.41954
3735:0.5
3736:5.10154
3737:5.10154
3738:6.37504
3739:6.37504
3740:0.5
3741:1.24189
3742:1.24189
3743:6.37504
3744:0.5
3745:1.75633
3746:1.75633
3747:0.5
3748:3.51873
3749:3.51873
3750:0.5
3751:4.92283
3752:4.92283
3753:6.37504
3754:0.5
3755:6.37504
3756:2
3757:0.5
3758:2.80735
3759:2.80735
3760:0.5
3761:1
3762:4.89077
3763:4.89077
3764:4.89077
3765:0.5
3766:3.51873
3767:3.51873
3768:6.37504
3769:6.37504
3770:6.37504
3771:0.5
3772:7.09803
3773:7.09803
3774:0.5
3775:3.19114
3776:2
3777:6.37504
3778:0.5
3779:6.37504
3780:6.37504
3781:0.5
3782:6.40939
3783:6.40939
3784:6.37504
3785:6.37504
3786:6.37504
3787:6.37504
3788:6.37504
3789:0.5
3790:1
3791:6.40939
3792:1
3793:0.678072
3794:6.40939
3795:6.40939
3796:6.40939
3797:6.40939
3798:0.5
3799:3.51873
3800:3.51873
3801:0.5
3802:1.9301
3803:1.9301
3804:0.5
3805:4.11151
3806:4.11151
3807:6.37504
3808:0.5
3809:4.73335
3810:2
3811:0.5
3812:3.04103
3813:3.04103
3814:6.37504
3815:6.37504
3816:6.37504
3817:6.37504
3818:0.5
3819:3.33787
3820:3.33787
3821:6.37504
3822:0.5
3823:2.49354
3824:2.49354
3825:0.5
3826:6.53916
3827:6.53916
3828:6.37504
3829:6.37504
3830:6.37504
3831:6.37504
3832:6.37504
3833:6.37504
3834:0.5
3835:6.40939
3836:6.40939
3837:6.37504
3838:0.5
3839:4.82443
3840:4.82443
3841:6.37504
3842:6.37504
3843:6.37504
3844:6.37504
3845:6.37504
3846:6.37504
3847:0.5
3848:7.87652
3849:7.87652
3850:6.37504
3851:0.5
3852:4.18587
3853:4.18587
3854:0.5
3855:4.11151
3856:4.11151
3857:0.5
3858:6.91886
3859:6.91886
3860:0.5
3861:2.83458
3862:2.83458
3863:6.37504
3864:0.5
3865:6.37504
3866:6.37504
3867:0.5
3868:6.40939
3869:6.40939
3870:6.37504
3871:6.37504
3872:6.37504
3873:0.5
3874:1
3875:2.64599
3876:2.64599
3877:2.64599
3878:0.5
3879:2.86942
3880:2.86942
3881:6.37504
3882:6.37504
3883:6.37504
3884:6.37504
3885:6.37504
3886:0.5
3887:2.1078
3888:2.1078
3889:6.37504
3890:0.5
3891:6.37504
3892:6.37504
3893:6.37504
3894:6.37504
3895:6.37504
3896:6.37504
3897:6.37504
3898:0.5
3899:5.04439
3900:5.04439
3901:0.5
3902:3.92811
3903:3.92811
3904:6.37504
3905:6.37504
3906:0.5
3907:3.47947
3908:3.47947
3909:6.37504
3910:6.37504
3911:0.5
3912:4.82443
3913:4.82443
3914:6.37504
3915:6.37504
3916:0.5
3917:6.44294
3918:6.44294
3919:6.37504
3920:6.37504
3921:0.5
3922:3.47947
3923:3.47947
3924:0.5
3925:4.18587
3926:2
3927:0.5
3928:5.07895
3929:5.07895
3930:6.37504
3931:6.37504
3932:6.37504
3933:6.37504
3934:6.37504
3935:0.5
3936:2.64599
3937:2.64599
3938:0.5
3939:4.82443
3940:4.82443
3941:6.37504
3942:6.37504
3943:6.37504
3944:0.5
3945:6.50779
3946:6.50779
3947:6.37504
3948:0.5
3949:7.19967
3950:7.19967
3951:0.5
3952:4.28876
3953:4.28876
3954:6.37504
3955:6.37504
3956:6.37504
3957:6.37504
3958:6.37504
3959:6.37504
3960:0.5
3961:4.8147
3962:4.8147
3963:0.5
3964:1.9301
3965:1.9301
3966:0.5
3967:6.53916
3968:6.53916
3969:0.5
3970:4.82443
3971:4.82443
3972:6.37504
3973:6.37504
3974:0.5
3975:4.52356
3976:4.52356
3977:0.5
3978:4.12102
3979:4.12102
3980:6.37504
3981:6.37504
3982:0.5
3983:4.82443
3984:4.82443
3985:6.37504
3986:6.37504
3987:6.37504
3988:6.37504
3989:6.37504
3990:6.37504
3991:6.37504
3992:6.37504
3993:0.5
3994:1
3995:2.75803
3996:2.75803
3997:2.75803
3998:6.37504
3999:6.37504
4000:0.5
4001:6.62936
4002:6.62936
4003:6.37504
4004:6.37504
4005:0.5
4006:4.8147
4007:4.8147
4008:6.37504
4009:6.37504
4010:0.5
4011:6.37504
4012:6.37504
4013:6.37504
4014:6.37504
4015:6.37504
4016:0.5
4017:2.85505
4018:2.85505
4019:0.5
4020:2.80735
4021:2.80735
4022:6.37504
4023:6.37504
4024:6.37504
4025:6.37504
4026:0.5
4027:6.37504
4028:6.37504
4029:0.5
4030:4.11151
4031:4.11151
4032:6.37504
4033:6.37504
4034:0.5
4035:6.82018
4036:6.82018
4037:0.5
4038:6.65821
4039:6.65821
4040:6.37504
4041:6.37504
4042:0.5
4043:2.85505
4044:2.85505
4045:6.37504
4046:6.37504
4047:6.37504
4048:0.5
4049:1
4050:3.50027
4051:3.50027
4052:3.50027
4053:6.37504
4054:0.5
4055:5.04439
4056:5.04439
4057:0.5
4058:2.98935
4059:2
4060:6.37504
4061:6.37504
4062:0.5
4063:6.53916
4064:6.53916
4065:0.5
4066:4.82443
4067:4.82443
4068:6.37504
4069:6.37504
4070:6.37504
4071:6.37504
4072:6.37504
4073:6.37504
4074:6.37504
4075:0.5
4076:6.37504
4077:6.37504
4078:6.37504
4079:6.37504
4080:6.37504
4081:0.5
4082:4.92283
4083:4.92283
4084:0.5
4085:4.9542
4086:4.9542
4087:0.5
4088:6.37504
4089:6.37504
4090:6.37504
4091:0.5
4092:4.9542
4093:2
4094:0.5
4095:6.47573
4096:6.47573
4097:6.37504
4098:6.37504
4099:0.5
4100:4.41954
4101:4.41954
4102:6.37504
4103:6.37504
4104:6.37504
4105:6.37504
4106:6.37504
4107:6.37504
4108:6.37504
4109:0.5
4110:4.89077
4111:4.89077
4112:0.5
4113:3.62449
4114:3.62449
4115:0.5
4116:4.73791
4117:4.73791
4118:0.5
4119:5.65344
4120:5.65344
4121:0.5
4122:6.47573
4123:6.47573
4124:0.5
4125:6.62936
4126:6.62936
4127:6.37504
4128:6.37504
4129:0.5
4130:4.18587
4131:2
4132:6.37504
4133:0.5
4134:4.92283
4135:4.92283
4136:0.5
4137:3.28204
4138:3.28204
4139:6.37504
4140:6.37504
4141:0.5
4142:4.41954
4143:4.41954
4144:6.37504
4145:6.37504
4146:6.37504
4147:6.37504
4148:6.37504
4149:6.37504
4150:0.5
4151:5.04439
4152:5.04439
4153:0.5
4154:4.9542
4155:4.9542
4156:6.37504
4157:6.37504
4158:0.5
4159:3.11042
4160:3.11042
4161:0.5
4162:4.52356
4163:4.52356
4164:6.37504
4165:6.37504
4166:0.5
4167:4.18587
4168:4.18587
4169:6.37504
4170:6.37504
4171:6.37504
4172:6.37504
4173:0.5
4174:3.53797
4175:3.53797
4176:0.5
4177:3.09245
4178:3.09245
4179:6.37504
4180:0.5
4181:6.27922
4182:6.27922
4183:0.5
4184:4.62727
4185:4.62727
4186:0.5
4187:3.21205
4188:3.21205
4189:6.37504
4190:6.37504
4191:0.5
4192:4.9542
4193:4.9542
4194:0.5
4195:7.34873
4196:7.34873
4197:6.37504
4198:6.37504
4199:0.5
4200:4.82443
4201:4.82443
4202:0.5
4203:4.57827
4204:4.57827
4205:6.37504
4206:6.37504
4207:0.5
4208:6.44294
4209:6.44294
4210:0.5
4211:1
4212:6.91886
4213:1
4214:6.91886
4215:6.91886
4216:6.91886
4217:0.5
4218:6.16323
4219:6.16323
4220:0.5
4221:6.74147
4222:6.74147
4223:0.5
4224:5.42626
4225:5.42626
4226:0.5
4227:7.87652
4228:7.87652
4229:6.37504
4230:6.37504
4231:0.5
4232:4.62727
4233:4.62727
4234:0.5
4235:4.82443
4236:4.82443
4237:0.5
4238:1
4239:6.29155
4240:6.29155
4241:6.29155
4242:6.37504
4243:0.5
4244:5.3339
4245:5.3339
4246:0.5
4247:4.89724
4248:4.89724
4249:6.37504
4250:0.5
4251:1
4252:3.50027
4253:3.50027
4254:3.50027
4255:6.37504
4256:0.5
4257:6.37504
4258:6.37504
4259:0.5
4260:3.28204
4261:3.28204
4262:6.37504
4263:0.5
4264:4.9542
4265:4.9542
4266:6.37504
4267:0.5
4268:7.29462
4269:7.29462
4270:0.5
4271:2.51896
4272:2.51896
4273:0.5
4274:6.76818
4275:6.76818
4276:6.37504
4277:0.5
4278:6.44294
4279:6.44294
4280:0.5
4281:3.74894
4282:3.74894
4283:0.5
4284:1
4285:5.2854
4286:5.2854
4287:5.2854
4288:6.37504
4289:6.37504
4290:6.37504
4291:6.37504
4292:0.5
4293:3.57154
4294:3.57154
4295:0.5
4296:4.73335
4297:4.73335
4298:0.5
4299:4.18587
4300:4.18587
4301:0.5
4302:5.65344
4303:5.65344
4304:0.5
4305:7.13955
4306:7.13955
4307:0.5
4308:3.51873
4309:3.51873
4310:0.5
4311:7.34873
4312:2
4313:0.5
4314:5.61471
4315:5.61471
4316:6.37504
4317:0.5
4318:6.37504
4319:6.37504
4320:6.37504
4321:6.37504
4322:0.5
4323:1
4324:4.11151
4325:4.11151
4326:4.11151
4327:0.5
4328:3.66838
4329:3.66838
4330:6.37504
4331:6.37504
4332:0.5
4333:4.85798
4334:4.85798
4335:6.37504
4336:0.5
4337:3.04103
4338:3.04103
4339:6.37504
4340:6.37504
4341:0.5
4342:4.82443
4343:4.82443
4344:6.37504
4345:6.37504
4346:6.37504
4347:6.37504
4348:0.5
4349:3.04669
4350:2
4351:0.5
4352:3.42999
4353:3.42999
4354:0.5
4355:1
4356:2.57225
4357:1
4358:2.57225
4359:2.57225
4360:2.57225
4361:0.5
4362:2.28421
4363:2.28421
4364:0.5
4365:4.82443
4366:4.82443
4367:6.37504
4368:6.37504
4369:6.37504
4370:6.37504
4371:0.5
4372:2.5429
4373:2.5429
4374:6.37504
4375:6.37504
4376:6.37504
4377:6.37504
4378:0.5
4379:4.89077
4380:4.89077
4381:0.5
4382:4.28876
4383:4.28876
4384:0.5
4385:3.96083
4386:3.96083
4387:0.5
4388:5.3339
4389:5.3339
4390:6.37504
4391:0.5
4392:6.82018
4393:6.82018
4394:6.37504
4395:6.37504
4396:0.5
4397:1
4398:4.62727
4399:4.62727
4400:4.62727
4401:6.37504
4402:0.5
4403:6.37504
4404:6.37504
4405:0.5
4406:2.64599
4407:2.64599
4408:0.5
4409:5.26053
4410:5.26053
4411:0.5
4412:3.29278
4413:3.29278
4414:0.5
4415:4.57827
4416:2
4417:6.37504
4418:6.37504
4419:6.37504
4420:0.5
4421:1
4422:6.40939
4423:6.40939
4424:1.41504
4425:6.37504
4426:6.37504
4427:0.5
4428:4.15381
4429:4.15381
4430:6.37504
4431:0.5
4432:6.40939
4433:6.40939
4434:0.5
4435:4.82443
4436:4.82443
4437:6.37504
4438:6.37504
4439:6.37504
4440:6.37504
4441:0.5
4442:1
4443:6.37504
4444:6.37504
4445:6.37504
4446:0.5
4447:3.66838
4448:3.66838
4449:6.37504
4450:0.5
4451:6.50779
4452:6.50779
4453:0.5
4454:4.57827
4455:4.57827
4456:6.37504
4457:6.37504
4458:6.37504
4459:0.5
4460:3.71344
4461:3.71344
4462:6.37504
4463:6.37504
4464:6.37504
4465:6.37504
4466:6.37504
4467:6.37504
4468:6.37504
4469:0.5
4470:4.89077
4471:4.89077
4472:0.5
4473:4.17608
4474:4.17608
4475:6.37504
4476:6.37504
4477:0.5
4478:6.50779
4479:6.50779
4480:6.37504
4481:0.5
4482:7.19967
4483:7.19967
4484:6.37504
4485:6.37504
4486:6.37504
4487:0.5
4488:1
4489:5.38082
4490:5.38082
4491:5.38082
4492:6.37504
4493:6.37504
4494:6.37504
4495:6.37504
4496:6.37504
4497:0.5
4498:4.21723
4499:4.21723
4500:6.37504
4501:6.37504
4502:6.37504
4503:0.5
4504:6.56986
4505:2
4506:6.37504
4507:6.37504
4508:0.5
4509:3.51873
4510:3.51873
4511:6.37504
4512:0.5
4513:6.50779
4514:2
4515:6.37504
4516:0.5
4517:2.80735
4518:2.80735
4519:6.37504
4520:0.5
4521:6.40939
4522:6.40939
4523:0.5
4524:5.1127
4525:5.1127
4526:6.37504
4527:6.37504
4528:6.37504
4529:0.5
4530:3.83519
4531:3.83519
4532:0.5
4533:2.654
4534:2.654
4535:0.5
4536:4.59694
4537:4.59694
4538:6.37504
4539:0.5
4540:6.76818
4541:6.76818
4542:0.5
4543:2.67611
4544:2.67611
4545:0.5
4546:3.66838
4547:3.66838
4548:0.5
4549:4.52356
4550:4.52356
4551:0.5
4552:1
4553:7.34873
4554:7.34873
4555:7.34873
4556:0.5
4557:2.48043
4558:2.48043
4559:6.37504
4560:6.37504
4561:0.5
4562:3.83519
4563:3.83519
4564:6.37504
4565:6.37504
4566:6.37504
4567:0.5
4568:6.37504
4569:6.37504
4570:6.37504
4571:6.37504
4572:6.37504
4573:6.37504
4574:6.37504
4575:0.5
4576:3.77259
4577:3.77259
4578:6.37504
4579:0.5
4580:6.40939
4581:6.40939
4582:6.37504
4583:6.37504
4584:0.5
4585:4.18587
4586:4.18587
4587:6.37504
4588:0.5
4589:4.89077
4590:4.89077
4591:0.5
4592:1
4593:0.415037
4594:0.263034
4595:0.192645
4596:3.61626
4597:3.61626
4598:0.63743
4599:3.61626
4600:3.61626
4601:3.61626
4602:3.61626
4603:3.61626
4604:0.5
4605:1
4606:2.85505
4607:2.85505
4608:2.85505
4609:0.5
4610:2.5429
4611:2.5429
4612:0.5
4613:1
4614:0.415037
4615:0.263034
4616:0.192645
4617:0.152003
4618:0.125531
4619:0.106915
4620:0.0931094
4621:0.0824622
4622:2.91045
4623:2.91045
4624:2.91045
4625:2.91045
4626:2.91045
4627:2.91045
4628:2.91045
4629:2.91045
4630:2.91045
4631:2.91045
4632:2.91045
4633:6.37504
4634:6.37504
4635:6.37504
4636:0.5
4637:6.37504
4638:6.37504
4639:6.37504
4640:6.37504
4641:6.37504
4642:0.5
4643:2.90122
4644:2.90122
4645:0.5
4646:1.55308
4647:1.55308
4648:0.5
4649:3.98995
4650:3.98995
4651:6.37504
4652:6.37504
4653:0.5
4654:4.9542
4655:4.9542
4656:6.37504
4657:6.37504
4658:0.5
4659:4.8147
4660:4.8147
4661:0.5
4662:6.40939
4663:6.40939
4664:6.37504
4665:6.37504
4666:0.5
4667:4.18587
4668:4.18587
4669:6.37504
4670:6.37504
4671:0.5
4672:1
4673:2.53605
4674:2.53605
4675:2.53605
4676:0.5
4677:2.67094
4678:2.67094
4679:6.37504
4680:6.37504
4681:6.37504
4682:6.37504
4683:0.5
4684:4.18587
4685:4.18587
4686:6.37504
4687:0.5
4688:3.98995
4689:3.98995
4690:0.5
4691:4.7761
4692:4.7761
4693:0.5
4694:5.04439
4695:5.04439
4696:6.37504
4697:6.37504
4698:6.37504
4699:6.37504
4700:0.5
4701:4.87774
4702:4.87774
4703:0.5
4704:4.57289
4705:4.57289
4706:6.37504
4707:6.37504
4708:6.37504
4709:6.37504
4710:0.5
4711:3.83519
4712:3.83519
4713:6.37504
4714:6.37504
4715:0.5
4716:3.11042
4717:3.11042
4718:6.37504
4719:6.37504
4720:6.37504
4721:0.5
4722:6.56986
4723:6.56986
4724:0.5
4725:2.84609
4726:2.84609
4727:0.5
4728:7.40088
4729:7.40088
4730:6.37504
4731:6.37504
4732:6.37504
4733:6.37504
4734:0.5
4735:6.40939
4736:6.40939
4737:0.5
4738:1
4739:6.47573
4740:6.47573
4741:6.47573
4742:6.37504
4743:6.37504
4744:6.37504
4745:6.37504
4746:6.37504
4747:6.37504
4748:0.5
4749:6.37504
4750:6.37504
4751:6.37504
4752:0.5
4753:6.16323
4754:6.16323
4755:6.37504
4756:6.37504
4757:6.37504
4758:6.37504
4759:0.5
4760:3.822
4761:3.822
4762:6.37504
4763:6.37504
4764:6.37504
4765:0.5
4766:2.69302
4767:2.69302
4768:6.37504
4769:6.37504
4770:6.37504
4771:6.37504
4772:0.5
4773:4.33628
4774:4.33628
4775:6.37504
4776:6.37504
4777:0.5
4778:6.27922
4779:6.27922
4780:6.37504
4781:0.5
4782:4.82443
4783:4.82443
4784:6.37504
4785:6.37504
4786:6.37504
4787:0.5
4788:6.50779
4789:6.50779
4790:0.5
4791:3.09245
4792:3.09245
4793:6.37504
4794:6.37504
4795:0.5
4796:3.98995
4797:3.98995
4798:6.37504
4799:6.37504
4800:0.5
4801:6.47573
4802:6.47573
4803:0.5
4804:1
4805:4.18587
4806:4.18587
4807:4.18587
4808:6.37504
4809:6.37504
4810:0.5
4811:5.04439
4812:5.04439
4813:6.37504
4814:6.37504
4815:6.37504
4816:6.37504
4817:6.37504
4818:6.37504
4819:6.37504
4820:6.37504
4821:0.5
4822:4.41954
4823:4.41954
4824:0.5
4825:4.62727
4826:4.62727
4827:6.37504
4828:6.37504
4829:0.5
4830:4.59694
4831:4.59694
4832:0.5
4833:1
4834:0.415037
4835:1.87447
4836:1.87447
4837:1.87447
4838:1.87447
4839:6.37504
4840:6.37504
4841:0.5
4842:6.47573
4843:6.47573
4844:0.5
4845:4.92283
4846:4.92283
4847:0.5
4848:3.77259
4849:3.77259
4850:0.5
4851:4.41954
4852:4.41954
4853:6.37504
4854:6.37504
4855:0.5
4856:6.47573
4857:6.47573
4858:6.37504
4859:6.37504
4860:6.37504
4861:6.37504
4862:6.37504
4863:0.5
4864:6.37504
4865:6.37504
4866:6.37504
4867:6.37504
4868:0.5
4869:2.95777
4870:2.95777
4871:6.37504
4872:6.37504
4873:6.37504
4874:6.37504
4875:6.37504
4876:6.37504
4877:0.5
4878:1
4879:1.87447
4880:1.87447
4881:1.87447
4882:6.37504
4883:0.5
4884:2.1307
4885:2.1307
4886:6.37504
4887:6.37504
4888:0.5
4889:5.76377
4890:5.76377
4891:6.37504
4892:0.5
4893:6.56986
4894:6.56986
4895:6.37504
4896:6.37504
4897:0.5
4898:3.77259
4899:3.77259
4900:6.37504
4901:6.37504
4902:6.37504
4903:6.37504
4904:6.37504
4905:6.37504
4906:6.37504
4907:6.37504
4908:6.37504
4909:6.37504
4910:6.37504
4911:6.37504
4912:0.5
4913:7.87652
4914:7.87652
4915:6.37504
4916:0.5
4917:6.37504
4918:6.37504
4919:0.5
4920:4.92283
4921:4.92283
4922:6.37504
4923:6.37504
4924:6.37504
4925:0.5
4926:3.47947
4927:3.47947
4928:0.5
4929:2.69302
4930:2.69302
4931:6.37504
4932:6.37504
4933:0.5
4934:6.44294
4935:6.44294
4936:6.37504
4937:6.37504
4938:6.37504
4939:0.5
4940:4.91648
4941:4.91648
4942:0.5
4943:6.37504
4944:6.37504
4945:6.37504
4946:0.5
4947:4.89077
4948:4.89077
4949:0.5
4950:5.54226
4951:5.54226
4952:0.5
4953:3.04103
4954:3.04103
4955:0.5
4956:4.92283
4957:2
4958:0.5
4959:1
4960:4.20387
4961:4.20387
4962:4.20387
4963:0.5
4964:7.29462
4965:7.29462
4966:6.37504
4967:6.37504
4968:6.37504
4969:0.5
4970:4.8147
4971:4.8147
4972:6.37504
4973:0.5
4974:4.82443
4975:4.82443
4976:0.5
4977:1.63346
4978:1.63346
4979:6.37504
4980:0.5
4981:2.57225
4982:2.57225
4983:0.5
4984:3.19114
4985:3.19114
4986:6.37504
4987:6.37504
4988:0.5
4989:1
4990:0.415037
4991:6.76818
4992:6.76818
4993:6.76818
4994:6.76818
4995:0.5
4996:4.82443
4997:4.82443
4998:0.5
4999:4.18587
5000:4.18587
5001:6.37504
5002:0.5
5003:1
5004:0.415037
5005:2.05784
5006:2.05784
5007:2.05784
5008:2.05784
5009:0.5
5010:1
5011:6.82018
5012:6.82018
5013:6.82018
5014:6.37504
5015:6.37504
5016:6.37504
5017:6.37504
5018:6.37504
5019:6.37504
5020:6.37504
5021:6.37504
5022:6.37504
5023:6.37504
5024:6.37504
5025:6.37504
5026:6.37504
5027:6.37504
5028:0.5
5029:4.92283
5030:4.92283
5031:0.5
5032:6.62936
5033:6.62936
5034:6.37504
5035:6.37504
5036:6.37504
5037:6.37504
5038:6.37504
5039:0.5
5040:4.18587
5041:2
5042:0.5
5043:4.92283
5044:2
5045:6.37504
5046:0.5
5047:1
5048:3.28204
5049:3.28204
5050:3.28204
5051:0.5
5052:1
5053:4.82443
5054:4.82443
5055:4.82443
5056:6.37504
5057:0.5
5058:3.33787
5059:3.33787
5060:6.37504
5061:0.5
5062:6.40939
5063:6.40939
5064:6.37504
5065:0.5
5066:4.02975
5067:4.02975
5068:6.37504
5069:6.37504
5070:6.37504
5071:6.37504
5072:6.37504
5073:0.5
5074:3.98995
5075:3.98995
5076:0.5
5077:4.15381
5078:4.15381
5079:0.5
5080:3.73419
5081:3.73419
5082:0.5
5083:7.13955
5084:7.13955
5085:0.5
5086:3.51873
5087:3.51873
5088:6.37504
5089:0.5
5090:3.1093
5091:3.1093
5092:0.5
5093:3.62449
5094:2
5095:0.5
5096:7.01123
5097:7.01123
5098:6.37504
5099:0.5
5100:6.6865
5101:6.6865
5102:0.5
5103:2.51896
5104:2.51896
5105:0.5
5106:0.435022
5107:0.435022
5108:0.5
5109:6.53916
5110:6.53916
5111:6.37504
5112:0.5
5113:5.26053
5114:5.26053
5115:0.5
5116:3.29278
5117:3.29278
5118:6.37504
5119:0.5
5120:1
5121:4.82443
5122:4.82443
5123:4.82443
5124:6.37504
5125:6.37504
5126:0.5
5127:1
5128:4.57827
5129:4.57827
5130:4.57827
5131:0.5
5132:5.81592
5133:5.81592
5134:6.37504
5135:6.37504
5136:6.37504
5137:6.37504
5138:6.37504
5139:0.5
5140:6.76818
5141:6.76818
5142:0.5
5143:2.14923
5144:2.14923
5145:6.37504
5146:6.37504
5147:6.37504
5148:0.5
5149:4.89077
5150:4.89077
5151:6.37504
5152:6.37504
5153:0.5
5154:6.37504
5155:6.37504
5156:0.5
5157:5.10154
5158:2
5159:0.5
5160:4.59352
5161:4.59352
5162:6.37504
5163:6.37504
5164:0.5
5165:6.37504
5166:6.37504
5167:0.5
5168:4.89077
5169:2
5170:6.37504
5171:6.37504
5172:6.37504
5173:6.37504
5174:6.37504
5175:0.5
5176:2.64599
5177:2.64599
5178:0.5
5179:7.87652
5180:7.87652
5181:0.5
5182:7.01123
5183:7.01123
5184:6.37504
5185:0.5
5186:3.822
5187:3.822
5188:6.37504
5189:0.5
5190:1
5191:4.47721
5192:1
5193:4.47721
5194:4.47721
5195:4.47721
5196:0.5
5197:4.85798
5198:4.85798
5199:6.37504
5200:6.37504
5201:6.37504
5202:0.5
5203:3.33787
5204:3.33787
5205:6.37504
5206:6.37504
5207:0.5
5208:2.78051
5209:2.78051
5210:0.5
5211:3.04103
5212:3.04103
5213:0.5
5214:1
5215:5.23522
5216:5.23522
5217:5.23522
5218:6.37504
5219:6.37504
5220:6.37504
5221:6.37504
5222:0.5
5223:2.64599
5224:2.64599
5225:6.37504
5226:6.37504
5227:0.5
5228:4.18587
5229:4.18587
5230:6.37504
5231:6.37504
5232:6.37504
5233:0.5
5234:6.37504
5235:6.37504
5236:6.37504
5237:6.37504
5238:6.37504
5239:6.37504
5240:0.5
5241:5.23522
5242:5.23522
5243:6.37504
5244:6.37504
5245:0.5
5246:3.29278
5247:3.29278
5248:6.37504
5249:6.37504
5250:6.37504
5251:6.37504
5252:6.37504
5253:0.5
5254:1
5255:6.37504
5256:6.37504
5257:6.37504
5258:6.37504
5259:6.37504
5260:6.37504
5261:6.37504
5262:6.37504
5263:6.37504
5264:6.37504
5265:6.37504
5266:6.37504
5267:6.37504
5268:0.5
5269:4.15381
5270:4.15381
5271:0.5
5272:1
5273:7.34873
5274:7.34873
5275:7.34873
5276:0.5
5277:4.1788
5278:4.1788
5279:0.5
5280:2.04363
5281:2.04363
5282:6.37504
5283:6.37504
5284:6.37504
5285:6.37504
5286:6.37504
5287:6.37504
5288:6.37504
5289:0.5
5290:3.93411
5291:3.93411
5292:0.5
5293:6.50779
5294:6.50779
5295:0.5
5296:5.1565
5297:5.1565
5298:0.5
5299:4.92283
5300:4.92283
5301:0.5
5302:4.49825
5303:4.49825
5304:6.37504
5305:6.37504
5306:6.37504
5307:0.5
5308:5.1127
5309:5.1127
5310:0.5
5311:6.37504
5312:2
5313:0.5
5314:2.80735
5315:2.80735
5316:6.37504
5317:6.37504
5318:6.37504
5319:6.37504
5320:0.5
5321:3.70044
5322:3.70044
5323:6.37504
5324:0.5
5325:6.37504
5326:6.37504
5327:6.37504
5328:6.37504
5329:0.5
5330:1
5331:0.415037
5332:6.37504
5333:6.37504
5334:6.37504
5335:6.37504
5336:6.37504
5337:0.5
5338:1.24189
5339:2
5340:0.5
5341:6.62936
5342:6.62936
5343:6.37504
5344:6.37504
5345:6.37504
5346:6.37504
5347:6.37504
5348:6.37504
5349:6.37504
5350:6.37504
5351:6.37504
5352:0.5
5353:6.27922
5354:6.27922
5355:6.37504
5356:0.5
5357:2.69302
5358:2.69302
5359:0.5
5360:6.62936
5361:6.62936
5362:0.5
5363:1
5364:7.34873
5365:7.34873
5366:7.34873
5367:6.37504
5368:6.37504
5369:6.37504
5370:6.37504
5371:0.5
5372:1
5373:3.49923
5374:3.49923
5375:3.49923
5376:0.5
5377:2.19579
5378:2.19579
5379:6.37504
5380:6.37504
5381:6.37504
5382:0.5
5383:4.9542
5384:4.9542
5385:0.5
5386:6.44294
5387:6.44294
5388:0.5
5389:6.47573
5390:6.47573
5391:6.37504
5392:6.37504
5393:0.5
5394:6.47573
5395:6.47573
5396:6.37504
5397:6.37504
5398:0.5
5399:6.47573
5400:6.47573
5401:6.37504
5402:6.37504
5403:6.37504
5404:6.37504
5405:0.5
5406:1
5407:4.59352
5408:4.59352
5409:1.41504
5410:0.5
5411:6.37504
5412:6.37504
5413:6.37504
5414:6.37504
5415:6.37504
5416:6.37504
5417:6.37504
5418:0.5
5419:5.04439
5420:5.04439
5421:0.5
5422:4.9542
5423:4.9542
5424:0.5
5425:4.41181
5426:4.41181
5427:6.37504
5428:6.37504
5429:6.37504
5430:6.37504
5431:6.37504
5432:6.37504
5433:6.37504
5434:6.37504
5435:6.37504
5436:0.5
5437:6.50779
5438:6.50779
5439:6.37504
5440:0.5
5441:2.97124
5442:2.97124
5443:0.5
5444:2.80735
5445:2.80735
5446:6.37504
5447:0.5
5448:4.62727
5449:4.62727
5450:6.37504
5451:6.37504
5452:6.37504
5453:6.37504
5454:0.5
5455:4.21723
5456:4.21723
5457:6.37504
5458:6.37504
5459:0.5
5460:4.41954
5461:4.41954
5462:6.37504
5463:6.37504
5464:6.37504
5465:6.37504
5466:6.37504
5467:6.37504
5468:0.5
5469:5.04439
5470:5.04439
5471:0.5
5472:3.77259
5473:3.77259
5474:6.37504
5475:0.5
5476:3.51873
5477:3.51873
5478:6.37504
5479:6.37504
5480:6.37504
5481:6.37504
5482:0.5
5483:5.04439
5484:5.04439
5485:6.37504
5486:6.37504
5487:6.37504
5488:6.37504
5489:6.37504
5490:6.37504
5491:0.5
5492:1
5493:7.19967
5494:7.19967
5495:7.19967
5496:0.5
5497:6.37504
5498:6.37504
5499:0.5
5500:6.47573
5501:6.47573
5502:6.37504
5503:6.37504
5504:6.37504
5505:0.5
5506:5.3339
5507:5.3339
5508:0.5
5509:2.12433
5510:2.12433
5511:6.37504
5512:6.37504
5513:0.5
5514:4.89077
5515:4.89077
5516:0.5
5517:3.62449
5518:3.62449
5519:6.37504
5520:6.37504
5521:0.5
5522:3.11042
5523:3.11042
5524:0.5
5525:2.654
5526:2.654
5527:6.37504
5528:0.5
5529:4.62727
5530:4.62727
5531:6.37504
5532:6.37504
5533:6.37504
5534:0.5
5535:4.98489
5536:4.98489
5537:0.5
5538:3.73419
5539:3.73419
5540:0.5
5541:2.19579
5542:2.19579
5543:0.5
5544:4.9542
5545:4.9542
5546:6.37504
5547:0.5
5548:3.822
5549:3.822
5550:0.5
5551:4.92283
5552:4.92283
5553:6.37504
5554:6.37504
5555:0.5
5556:1
5557:0.415037
5558:6.76818
5559:6.76818
5560:6.76818
5561:6.76818
5562:0.5
5563:4.82443
5564:4.82443
5565:0.5
5566:2.57447
5567:2.57447
5568:6.37504
5569:0.5
5570:4.73335
5571:4.73335
5572:6.37504
5573:6.37504
5574:0.5
5575:1.81323
5576:1.81323
5577:6.37504
5578:6.37504
5579:0.5
5580:4.82443
5581:4.82443
5582:0.5
5583:1.9301
5584:1.9301
5585:6.37504
5586:0.5
5587:2.11548
5588:2.11548
5589:0.5
5590:4.82443
5591:4.82443
5592:6.37504
5593:0.5
5594:3.822
5595:2
5596:6.37504
5597:0.5
5598:1
5599:0.415037
5600:2.05784
5601:2.05784
5602:2.05784
5603:2.05784
5604:6.37504
5605:6.37504
5606:6.37504
5607:0.5
5608:4.92283
5609:4.92283
5610:0.5
5611:4.7761
5612:2
5613:6.37504
5614:6.37504
5615:6.37504
5616:6.37504
5617:0.5
5618:5.30986
5619:5.30986
5620:6.37504
5621:6.37504
5622:6.37504
5623:6.37504
5624:6.37504
5625:6.37504
5626:6.37504
5627:0.5
5628:4.9542
5629:4.9542
5630:6.37504
5631:6.37504
5632:6.37504
5633:0.5
5634:3.98706
5635:3.98706
5636:0.5
5637:4.85798
5638:4.85798
5639:6.37504
5640:6.37504
5641:6.37504
5642:0.5
5643:6.53916
5644:6.53916
5645:6.37504
5646:6.37504
5647:0.5
5648:4.59352
5649:4.59352
5650:6.37504
5651:6.37504
5652:6.37504
5653:6.37504
5654:0.5
5655:2.5429
5656:2
5657:0.5
5658:6.53916
5659:6.53916
5660:0.5
5661:1.9301
5662:1.9301
5663:0.5
5664:4.08746
5665:4.08746
5666:6.37504
5667:6.37504
5668:6.37504
5669:6.37504
5670:6.37504
5671:6.37504
5672:6.37504
5673:6.37504
5674:6.37504
5675:0.5
5676:1
5677:6.02237
5678:6.02237
5679:1.41504
5680:6.37504
5681:6.37504
5682:6.37504
5683:6.37504
5684:0.5
5685:4.85798
5686:4.85798
5687:6.37504
5688:0.5
5689:1
5690:7.56224
5691:7.56224
5692:7.56224
5693:6.37504
5694:6.37504
5695:0.5
5696:5.23522
5697:2
5698:6.37504
5699:6.37504
5700:6.37504
5701:6.37504
5702:6.37504
5703:6.37504
5704:6.37504
5705:6.37504
5706:6.37504
5707:6.37504
5708:6.37504
5709:6.37504
5710:6.37504
5711:0.5
5712:5.07325
5713:5.07325
5714:0.5
5715:2.88174
5716:2.88174
5717:0.5
5718:3.77259
5719:3.77259
5720:6.37504
5721:0.5
5722:3.77259
5723:3.77259
5724:0.5
5725:5.23522
5726:2
5727:0.5
5728:6.47573
5729:2
5730:0.5
5731:3.29278
5732:3.29278
5733:0.5
5734:5.63421
5735:5.63421
5736:0.5
5737:6.50779
5738:6.50779
5739:0.5
5740:0.593896
5741:0.593896
5742:6.37504
5743:6.37504
5744:6.37504
5745:0.5
5746:7.2384
5747:7.2384
5748:0.5
5749:2.64599
5750:2.64599
5751:0.5
5752:3.96083
5753:3.96083
5754:0.5
5755:4.11151
5756:4.11151
5757:0.5
5758:1.90414
5759:1.90414
5760:6.37504
5761:6.37504
5762:0.5
5763:3.53797
5764:3.53797
5765:6.37504
5766:6.37504
5767:6.37504
5768:6.37504
5769:0.5
5770:2.65076
5771:2.65076
5772:6.37504
5773:6.37504
5774:6.37504
5775:6.37504
5776:0.5
5777:3.73419
5778:3.73419
5779:0.5
5780:6.37504
5781:6.37504
5782:6.37504
5783:6.37504
5784:0.5
5785:3.73419
5786:3.73419
5787:6.37504
5788:6.37504
5789:6.37504
5790:6.37504
5791:6.37504
5792:6.37504
5793:6.37504
5794:6.37504
5795:0.5
5796:7.93664
5797:7.93664
5798:0.5
5799:6.27922
5800:6.27922
5801:6.37504
5802:0.5
5803:6.27922
5804:6.27922
5805:6.37504
5806:6.37504
5807:6.37504
5808:6.37504
5809:6.37504
5810:0.5
5811:4.82443
5812:4.82443
5813:6.37504
5814:6.37504
5815:0.5
5816:1
5817:2.67611
5818:2.67611
5819:2.67611
5820:0.5
5821:6.74147
5822:6.74147
5823:6.37504
5824:6.37504
5825:0.5
5826:2.59455
5827:2.59455
5828:0.5
5829:1
5830:7.60733
5831:7.60733
5832:7.60733
5833:0.5
5834:6.56986
5835:6.56986
5836:6.37504
5837:0.5
5838:3.26534
5839:3.26534
5840:6.37504
5841:6.37504
5842:6.37504
5843:6.37504
5844:0.5
5845:1
5846:6.29155
5847:1
5848:6.29155
5849:6.29155
5850:1.26303
5851:6.37504
5852:0.5
5853:1.90414
5854:1.90414
5855:0.5
5856:4.59694
5857:4.59694
5858:6.37504
5859:0.5
5860:7.21917
5861:7.21917
5862:6.37504
5863:6.37504
5864:6.37504
5865:6.37504
5866:6.37504
5867:0.5
5868:4.21723
5869:4.21723
5870:0.5
5871:1
5872:6.29155
5873:6.29155
5874:6.29155
5875:6.37504
5876:0.5
5877:3.822
5878:3.822
5879:6.37504
5880:0.5
5881:5.04439
5882:5.04439
5883:6.37504
5884:0.5
5885:3.49923
5886:3.49923
5887:6.37504
5888:0.5
5889:4.92283
5890:4.92283
5891:6.37504
5892:6.37504
5893:6.37504
5894:6.37504
5895:6.37504
5896:6.37504
5897:0.5
5898:3.10434
5899:3.10434
5900:0.5
5901:6.76818
5902:2
5903:0.5
5904:5.65344
5905:5.65344
5906:6.37504
5907:0.5
5908:4.92283
5909:4.92283
5910:6.37504
5911:6.37504
5912:6.37504
5913:6.37504
5914:0.5
5915:3.50027
5916:3.50027
5917:6.37504
5918:6.37504
5919:0.5
5920:7.21917
5921:7.21917
5922:6.37504
5923:6.37504
5924:0.5
5925:4.92283
5926:4.92283
5927:6.37504
5928:6.37504
5929:6.37504
5930:6.37504
5931:6.37504
5932:6.37504
5933:6.37504
5934:0.5
5935:4.33628
5936:4.33628
5937:6.37504
5938:0.5
5939:1
5940:3.92811
5941:3.92811
5942:3.92811
5943:0.5
5944:6.50779
5945:6.50779
5946:0.5
5947:3.26534
5948:3.26534
5949:6.37504
5950:6.37504
5951:6.37504
5952:6.37504
5953:6.37504
5954:6.37504
5955:6.37504
5956:6.37504
5957:6.37504
5958:6.37504
5959:6.37504
5960:6.37504
5961:6.37504
5962:6.37504
5963:0.5
5964:1
5965:3.7625
5966:3.7625
5967:3.7625
5968:0.5
5969:6.37504
5970:6.37504
5971:6.37504
5972:0.5
5973:4.9542
5974:4.9542
5975:6.37504
5976:6.37504
5977:6.37504
5978:6.37504
5979:0.5
5980:4.18587
5981:4.18587
5982:0.5
5983:3.09398
5984:3.09398
5985:6.37504
5986:6.37504
5987:6.37504
5988:0.5
5989:1
5990:5.55459
5991:5.55459
5992:5.55459
5993:6.37504
5994:6.37504
5995:6.37504
5996:6.37504
5997:6.37504
5998:0.5
5999:2.98935
6000:2.98935
6001:0.5
6002:4.41954
6003:4.41954
6004:6.37504
6005:6.37504
6006:6.37504
6007:0.5
6008:7.05528
6009:7.05528
6010:6.37504
6011:0.5
6012:4.89077
6013:4.89077
6014:6.37504
6015:6.37504
6016:0.5
6017:5.1565
6018:5.1565
6019:6.37504
6020:6.37504
6021:6.37504
6022:0.5
6023:3.77259
6024:3.77259
6025:0.5
6026:6.47573
6027:6.47573
6028:0.5
6029:3.11042
6030:3.11042
6031:0.5
6032:5.30986
6033:2
6034:0.5
6035:4.82443
6036:4.82443
6037:0.5
6038:1
6039:1.10764
6040:1.10764
6041:1.10764
6042:0.5
6043:6.37504
6044:6.37504
6045:0.5
6046:1
6047:3.70044
6048:3.70044
6049:3.70044
6050:6.37504
6051:6.37504
6052:6.37504
6053:6.37504
6054:6.37504
6055:6.37504
6056:6.37504
6057:6.37504
6058:6.37504
6059:0.5
6060:6.37504
6061:6.37504
6062:6.37504
6063:0.5
6064:4.49825
6065:4.49825
6066:0.5
6067:4.92283
6068:4.92283
6069:0.5
6070:3.4185
6071:3.4185
6072:6.37504
6073:6.37504
6074:6.37504
6075:0.5
6076:1
6077:2.78051
6078:2.78051
6079:2.78051
6080:0.5
6081:1
6082:4.46877
6083:4.46877
6084:4.46877
6085:6.37504
6086:0.5
6087:6.50779
6088:6.50779
6089:0.5
6090:4.70659
6091:4.70659
6092:0.5
6093:7.19967
6094:7.19967
6095:0.5
6096:1
6097:5.42626
6098:5.42626
6099:5.42626
6100:6.37504
6101:6.37504
6102:0.5
6103:4.92283
6104:4.92283
6105:0.5
6106:6.47573
6107:6.47573
6108:6.37504
6109:0.5
6110:2.04363
6111:2.04363
6112:0.5
6113:4.52356
6114:4.52356
6115:0.5
6116:5.10154
6117:5.10154
6118:0.5
6119:2.21791
6120:2.21791
6121:0.5
6122:3.60881
6123:3.60881
6124:6.37504
6125:6.37504
6126:0.5
6127:7.21917
6128:7.21917
6129:0.5
6130:4.73791
6131:4.73791
6132:6.37504
6133:0.5
6134:6.37504
6135:6.37504
6136:6.37504
6137:0.5
6138:3.53797
6139:3.53797
6140:0.5
6141:5.61471
6142:5.61471
6143:6.37504
6144:6.37504
6145:0.5
6146:4.57827
6147:4.57827
6148:0.5
6149:2.75803
6150:2.75803
6151:6.37504
6152:0.5
6153:7.73471
6154:7.73471
6155:0.5
6156:1
6157:5.04439
6158:5.04439
6159:5.04439
6160:0.5
6161:1
6162:0.415037
6163:6.37504
6164:6.37504
6165:6.37504
6166:6.37504
6167:6.37504
6168:6.37504
6169:0.5
6170:1
6171:6.40939
6172:6.40939
6173:6.40939
6174:0.5
6175:7.21917
6176:7.21917
6177:6.37504
6178:6.37504
6179:0.5
6180:6.47573
6181:6.47573
6182:0.5
6183:6.56986
6184:6.56986
6185:6.37504
6186:0.5
6187:2.64599
6188:2.64599
6189:6.37504
6190:0.5
6191:7.2384
6192:7.2384
6193:0.5
6194:5.49185
6195:5.49185
6196:0.5
6197:2.7038
6198:2.7038
6199:0.5
6200:4.22437
6201:4.22437
6202:6.37504
6203:0.5
6204:3.26534
6205:2
6206:6.37504
6207:6.37504
6208:0.5
6209:4.92283
6210:4.92283
6211:6.37504
6212:0.5
6213:6.47573
6214:6.47573
6215:6.37504
6216:0.5
6217:5.26053
6218:5.26053
6219:0.5
6220:3.49923
6221:2
6222:6.37504
6223:6.37504
6224:0.5
6225:4.82443
6226:4.82443
6227:6.37504
6228:6.37504
6229:0.5
6230:5.04439
6231:5.04439
6232:6.37504
6233:6.37504
6234:6.37504
6235:0.5
6236:6.50779
6237:2
6238:0.5
6239:1.9301
6240:1.9301
6241:6.37504
6242:0.5
6243:6.47573
6244:6.47573
6245:6.37504
6246:0.5
6247:5.26053
6248:5.26053
6249:0.5
6250:3.49923
6251:3.49923
6252:0.5
6253:6.47573
6254:6.47573
6255:6.37504
6256:6.37504
6257:6.37504
6258:0.5
6259:1
6260:5.84967
6261:5.84967
6262:5.84967
6263:0.5
6264:1
6265:5.61471
6266:5.61471
6267:5.61471
6268:6.37504
6269:6.37504
6270:6.37504
6271:0.5
6272:6.74147
6273:6.74147
6274:6.37504
6275:6.37504
6276:0.5
6277:4.82443
6278:4.82443
6279:0.5
6280:4.82443
6281:2
6282:6.37504
6283:6.37504
6284:6.37504
6285:0.5
6286:4.89077
6287:4.89077
6288:0.5
6289:1
6290:3.36075
6291:3.36075
6292:3.36075
6293:0.5
6294:4.21723
6295:4.21723
6296:6.37504
6297:6.37504
6298:6.37504
6299:6.37504
6300:6.37504
6301:0.5
6302:3.47947
6303:2
6304:0.5
6305:7.01123
6306:7.01123
6307:6.37504
6308:6.37504
6309:0.5
6310:4.85798
6311:4.85798
6312:6.37504
6313:0.5
6314:4.18587
6315:4.18587
6316:6.37504
6317:6.37504
6318:6.37504
6319:6.37504
6320:6.37504
6321:0.5
6322:5.04439
6323:5.04439
6324:6.37504
6325:6.37504
6326:0.5
6327:6.44294
6328:6.44294
6329:6.37504
6330:6.37504
6331:0.5
6332:5.81592
6333:5.81592
6334:6.37504
6335:0.5
6336:4.41954
6337:4.41954
6338:0.5
6339:5.42626
6340:5.42626
6341:6.37504
6342:6.37504
6343:0.5
6344:4.41954
6345:4.41954
6346:0.5
6347:1
6348:5.97728
6349:5.97728
6350:5.97728
6351:6.37504
6352:6.37504
6353:0.5
6354:4.98489
6355:4.98489
6356:0.5
6357:7.86419
6358:7.86419
6359:6.37504
6360:0.5
6361:6.37504
6362:6.37504
6363:6.37504
6364:0.5
6365:6.03709
6366:6.03709
6367:6.37504
6368:6.37504
6369:6.37504
6370:6.37504
6371:0.5
6372:4.22437
6373:4.22437
6374:0.5
6375:4.92283
6376:4.92283
6377:6.37504
6378:0.5
6379:4.92283
6380:4.92283
6381:0.5
6382:4.7761
6383:4.7761
6384:6.37504
6385:6.37504
6386:6.37504
6387:0.5
6388:7.2384
6389:7.2384
6390:6.37504
6391:6.37504
6392:6.37504
6393:0.5
6394:1
6395:3.24207
6396:3.24207
6397:3.24207
6398:0.5
6399:1
6400:3.50027
6401:3.50027
6402:3.50027
6403:0.5
6404:1
6405:0.415037
6406:4.16375
6407:4.16375
6408:4.16375
6409:4.16375
6410:6.37504
6411:0.5
6412:3.33787
6413:3.33787
6414:6.37504
6415:6.37504
6416:6.37504
6417:6.37504
6418:0.5
6419:4.8147
6420:4.8147
6421:0.5
6422:1.9301
6423:1.9301
6424:6.37504
6425:0.5
6426:5.65344
6427:5.65344
6428:0.5
6429:5.3339
6430:5.3339
6431:6.37504
6432:6.37504
6433:0.5
6434:4.52356
6435:4.52356
6436:0.5
6437:4.12102
6438:4.12102
6439:6.37504
6440:0.5
6441:4.82443
6442:4.82443
6443:6.37504
6444:6.37504
6445:0.5
6446:3.75974
6447:2
6448:6.37504
6449:6.37504
6450:6.37504
6451:0.5
6452:3.11042
6453:3.11042
6454:0.5
6455:5.65344
6456:5.65344
6457:6.37504
6458:6.37504
6459:6.37504
6460:6.37504
6461:6.37504
6462:6.37504
6463:0.5
6464:6.84549
6465:6.84549
6466:6.37504
6467:6.37504
6468:6.37504
6469:6.37504
6470:0.5
6471:4.12102
6472:4.12102
6473:6.37504
6474:6.37504
6475:6.37504
6476:6.37504
6477:0.5
6478:1
6479:0.415037
6480:6.76818
6481:6.76818
6482:6.76818
6483:6.76818
6484:6.37504
6485:0.5
6486:6.37504
6487:6.37504
6488:6.37504
6489:6.37504
6490:0.5
6491:2.1078
6492:2.1078
6493:0.5
6494:6.74147
6495:6.74147
6496:0.5
6497:4.82443
6498:4.82443
6499:0.5
6500:4.73335
6501:4.73335
6502:6.37504
6503:6.37504
6504:0.5
6505:6.62936
6506:6.62936
6507:0.5
6508:5.1565
6509:5.1565
6510:6.37504
6511:6.37504
6512:6.37504
6513:0.5
6514:5.65344
6515:5.65344
6516:6.37504
6517:0.5
6518:4.82443
6519:4.82443
6520:6.37504
6521:6.37504
6522:0.5
6523:4.92283
6524:4.92283
6525:6.37504
6526:6.37504
6527:6.37504
6528:6.37504
6529:6.37504
6530:0.5
6531:6.47573
6532:6.47573
6533:0.5
6534:4.18587
6535:4.18587
6536:6.37504
6537:0.5
6538:6.40939
6539:6.40939
6540:6.37504
6541:0.5
6542:4.92283
6543:4.92283
6544:0.5
6545:2.64599
6546:2.64599
6547:6.37504
6548:6.37504
6549:6.37504
6550:6.37504
6551:6.37504
6552:0.5
6553:7.62205
6554:7.62205
6555:0.5
6556:3.21205
6557:3.21205
6558:6.37504
6559:6.37504
6560:0.5
6561:6.84549
6562:6.84549
6563:6.37504
6564:0.5
6565:1.67659
6566:1.67659
6567:6.37504
6568:6.37504
6569:6.37504
6570:6.37504
6571:6.37504
6572:0.5
6573:2.69302
6574:2.69302
6575:6.37504
6576:6.37504
6577:6.37504
6578:0.5
6579:2.85505
6580:2.85505
6581:6.37504
6582:6.37504
6583:6.37504
6584:0.5
6585:3.50027
6586:2
6587:6.37504
6588:6.37504
6589:6.37504
6590:6.37504
6591:6.37504
6592:0.5
6593:3.04103
6594:3.04103
6595:0.5
6596:4.92283
6597:2
6598:6.37504
6599:6.37504
6600:6.37504
6601:0.5
6602:4.82443
6603:4.82443
6604:0.5
6605:4.82443
6606:2
6607:6.37504
6608:6.37504
6609:6.37504
6610:6.37504
6611:6.37504
6612:0.5
6613:4.92283
6614:4.92283
6615:6.37504
6616:6.37504
6617:0.5
6618:4.92283
6619:4.92283
6620:0.5
6621:7.19967
6622:7.19967
6623:6.37504
6624:6.37504
6625:6.37504
6626:6.37504
6627:6.37504
6628:6.37504
6629:0.5
6630:4.82443
6631:4.82443
6632:0.5
6633:2.64599
6634:2.64599
6635:6.37504
6636:0.5
6637:6.84549
6638:6.84549
6639:0.5
6640:4.11151
6641:4.11151
6642:6.37504
6643:6.37504
6644:6.37504
6645:0.5
6646:6.62936
6647:6.62936
6648:6.37504
6649:6.37504
6650:0.5
6651:6.37504
6652:6.37504
6653:6.37504
6654:0.5
6655:4.89077
6656:4.89077
6657:0.5
6658:3.62449
6659:3.62449
6660:6.37504
6661:6.37504
6662:6.37504
6663:6.37504
6664:6.37504
6665:0.5
6666:6.37504
6667:6.37504
6668:0.5
6669:4.92283
6670:2
6671:6.37504
6672:6.37504
6673:6.37504
6674:0.5
6675:1
6676:4.41181
6677:4.41181
6678:4.41181
6679:6.37504
6680:0.5
6681:3.33787
6682:3.33787
6683:6.37504
6684:0.5
6685:6.40939
6686:6.40939
6687:6.37504
6688:0.5
6689:2.86942
6690:2.86942
6691:0.5
6692:5.81592
6693:5.81592
6694:0.5
6695:7.01123
6696:7.01123
6697:0.5
6698:4.75489
6699:4.75489
6700:0.5
6701:2.59904
6702:2.59904
6703:0.5
6704:4.22437
6705:4.22437
6706:6.37504
6707:0.5
6708:5.04439
6709:5.04439
6710:6.37504
6711:6.37504
6712:0.5
6713:2.57347
6714:2.57347
6715:0.5
6716:4.85798
6717:4.85798
6718:6.37504
6719:6.37504
6720:6.37504
6721:0.5
6722:4.91648
6723:4.91648
6724:6.37504
6725:6.37504
6726:0.5
6727:6.96578
6728:6.96578
6729:0.5
6730:2.48043
6731:2.48043
6732:6.37504
6733:6.37504
6734:6.37504
6735:6.37504
6736:0.5
6737:5.42626
6738:5.42626
6739:6.37504
6740:6.37504
6741:6.37504
6742:6.37504
6743:0.5
6744:4.41954
6745:4.41954
6746:0.5
6747:4.18587
6748:4.18587
6749:6.37504
6750:6.37504
6751:0.5
6752:6.37504
6753:6.37504
6754:0.5
6755:3.22463
6756:3.22463
6757:0.5
6758:1
6759:3.28204
6760:3.28204
6761:3.28204
6762:6.37504
6763:6.37504
6764:6.37504
6765:6.37504
6766:0.5
6767:7.87652
6768:7.87652
6769:6.37504
6770:6.37504
6771:0.5
6772:4.82443
6773:4.82443
6774:6.37504
6775:0.5
6776:3.822
6777:3.822
6778:0.5
6779:3.66838
6780:3.66838
6781:6.37504
6782:6.37504
6783:6.37504
6784:0.5
6785:7.87652
6786:7.87652
6787:6.37504
6788:0.5
6789:6.40939
6790:6.40939
6791:6.37504
6792:6.37504
6793:0.5
6794:5.42626
6795:5.42626
6796:6.37504
6797:6.37504
6798:6.37504
6799:0.5
6800:6.59991
6801:6.59991
6802:0.5
6803:3.47947
6804:3.47947
6805:6.37504
6806:0.5
6807:3.77259
6808:3.77259
6809:6.37504
6810:6.37504
6811:6.37504
6812:0.5
6813:3.50027
6814:3.50027
6815:6.37504
6816:6.37504
6817:6.37504
6818:0.5
6819:4.9542
6820:4.9542
6821:6.37504
6822:0.5
6823:4.12102
6824:4.12102
6825:6.37504
6826:6.37504
6827:6.37504
6828:0.5
6829:4.12102
6830:4.12102
6831:6.37504
6832:6.37504
6833:0.5
6834:4.82443
6835:4.82443
6836:6.37504
6837:6.37504
6838:0.5
6839:4.18587
6840:4.18587
6841:6.37504
6842:0.5
6843:4.18587
6844:4.18587
6845:6.37504
6846:6.37504
6847:6.37504
6848:6.37504
6849:0.5
6850:5.42626
6851:5.42626
6852:0.5
6853:4.57827
6854:4.57827
6855:0.5
6856:4.18587
6857:2
6858:0.5
6859:1
6860:3.92811
6861:3.92811
6862:3.92811
6863:0.5
6864:2.23173
6865:2.23173
6866:0.5
6867:4.9542
6868:2
6869:0.5
6870:2.19579
6871:2.19579
6872:6.37504
6873:6.37504
6874:6.37504
6875:0.5
6876:6.53916
6877:6.53916
6878:0.5
6879:7.19967
6880:7.19967
6881:6.37504
6882:0.5
6883:3.79586
6884:3.79586
6885:0.5
6886:6.37504
6887:6.37504
6888:0.5
6889:4.33628
6890:2
6891:0.5
6892:6.40939
6893:6.40939
6894:0.5
6895:4.89077
6896:4.89077
6897:0.5
6898:1
6899:1.10764
6900:1.10764
6901:1.10764
6902:0.5
6903:1
6904:3.36923
6905:3.36923
6906:3.36923
6907:6.37504
6908:0.5
6909:2.21791
6910:2.21791
6911:0.5
6912:2.91329
6913:2.91329
6914:0.5
6915:4.33628
6916:2
6917:0.5
6918:6.40939
6919:6.40939
6920:0.5
6921:2.88174
6922:2.88174
6923:0.5
6924:6.47573
6925:6.47573
6926:6.37504
6927:6.37504
6928:6.37504
6929:6.37504
6930:0.5
6931:4.89077
6932:4.89077
6933:6.37504
6934:6.37504
6935:6.37504
6936:6.37504
6937:0.5
6938:6.47573
6939:6.47573
6940:0.5
6941:2.59455
6942:2.59455
6943:6.37504
6944:6.37504
6945:6.37504
6946:6.37504
6947:6.37504
6948:0.5
6949:1
6950:6.50779
6951:6.50779
6952:6.50779
6953:6.37504
6954:6.37504
6955:0.5
6956:1
6957:0.415037
6958:2.80735
6959:2.80735
6960:2.80735
6961:2.80735
6962:6.37504
6963:6.37504
6964:6.37504
6965:0.5
6966:6.53916
6967:6.53916
6968:0.5
6969:4.85798
6970:4.85798
6971:6.37504
6972:6.37504
6973:6.37504
6974:0.5
6975:3.73419
6976:3.73419
6977:0.5
6978:3.51658
6979:3.51658
6980:6.37504
6981:6.37504
6982:6.37504
6983:0.5
6984:6.76818
6985:6.76818
6986:6.37504
6987:0.5
6988:1
6989:6.37504
6990:6.37504
6991:6.37504
6992:6.37504
6993:0.5
6994:1
6995:2.21791
6996:2.21791
6997:2.21791
6998:0.5
6999:6.50779
7000:2
7001:6.37504
7002:6.37504
7003:6.37504
7004:6.37504
7005:6.37504
7006:0.5
7007:5.26053
7008:5.26053
7009:6.37504
7010:0.5
7011:3.52774
7012:3.52774
7013:0.5
7014:6.53916
7015:6.53916
7016:6.37504
7017:6.37504
7018:0.5
7019:6.40939
7020:6.40939
7021:0.5
7022:1
7023:6.50779
7024:1
7025:6.50779
7026:6.50779
7027:6.50779
7028:0.5
7029:6.56986
7030:6.56986
7031:6.37504
7032:0.5
7033:2.64599
7034:2.64599
7035:0.5
7036:1.9301
7037:1.9301
7038:6.37504
7039:6.37504
7040:6.37504
7041:0.5
7042:7.01123
7043:7.01123
7044:6.37504
7045:0.5
7046:4.9542
7047:4.9542
7048:6.37504
7049:0.5
7050:1
7051:6.02237
7052:6.02237
7053:6.02237
7054:6.37504
7055:6.37504
7056:0.5
7057:6.79442
7058:6.79442
7059:6.37504
7060:0.5
7061:4.24793
7062:4.24793
7063:0.5
7064:1.9301
7065:1.9301
7066:6.37504
7067:6.37504
7068:0.5
7069:5.23522
7070:2
7071:6.37504
7072:6.37504
7073:0.5
7074:6.40939
7075:6.40939
7076:0.5
7077:4.89724
7078:4.89724
7079:6.37504
7080:6.37504
7081:6.37504
7082:6.37504
7083:6.37504
7084:6.37504
7085:0.5
7086:4.24793
7087:4.24793
7088:6.37504
7089:6.37504
7090:6.37504
7091:6.37504
7092:6.37504
7093:6.37504
7094:6.37504
7095:6.37504
7096:6.37504
7097:0.5
7098:1
7099:0.415037
7100:4.89077
7101:0.678072
7102:4.89077
7103:4.89077
7104:4.89077
7105:4.89077
7106:0.5
7107:3.77259
7108:3.77259
7109:6.37504
7110:6.37504
7111:6.37504
7112:6.37504
7113:6.37504
7114:0.5
7115:4.82443
7116:4.82443
7117:0.5
7118:3.7625
7119:3.7625
7120:6.37504
7121:0.5
7122:4.39232
7123:4.39232
7124:6.37504
7125:6.37504
7126:6.37504
7127:0.5
7128:6.37504
7129:6.37504
7130:6.37504
7131:6.37504
7132:6.37504
7133:6.37504
7134:6.37504
7135:6.37504
7136:6.37504
7137:0.5
7138:1
7139:6.40939
7140:6.40939
7141:6.40939
7142:6.37504
7143:6.37504
7144:6.37504
7145:0.5
7146:1
7147:2.59455
7148:2.59455
7149:2.59455
7150:6.37504
7151:6.37504
7152:6.37504
7153:0.5
7154:3.96083
7155:3.96083
7156:0.5
7157:4.11151
7158:4.11151
7159:0.5
7160:1
7161:3.57154
7162:3.57154
7163:3.57154
7164:6.37504
7165:0.5
7166:6.37504
7167:6.37504
7168:0.5
7169:3.42999
7170:3.42999
7171:6.37504
7172:0.5
7173:6.53916
7174:2
7175:6.37504
7176:6.37504
7177:0.5
7178:2.49354
7179:2.49354
7180:0.5
7181:4.82443
7182:4.82443
7183:6.37504
7184:6.37504
7185:6.37504
7186:6.37504
7187:6.37504
7188:6.37504
7189:6.37504
7190:0.5
7191:6.82018
7192:6.82018
7193:0.5
7194:1.9301
7195:1.9301
7196:6.37504
7197:6.37504
7198:6.37504
7199:0.5
7200:3.93411
7201:3.93411
7202:6.37504
7203:6.37504
7204:6.37504
7205:6.37504
7206:6.37504
7207:6.37504
7208:6.37504
7209:6.37504
7210:6.37504
7211:6.37504
7212:0.5
7213:4.89077
7214:4.89077
7215:0.5
7216:4.52356
7217:4.52356
7218:0.5
7219:5.10154
7220:5.10154
7221:0.5
7222:6.37504
7223:6.37504
7224:6.37504
7225:6.37504
7226:0.5
7227:1
7228:4.15381
7229:4.15381
7230:4.15381
7231:6.37504
7232:6.37504
7233:6.37504
7234:0.5
7235:4.22437
7236:4.22437
7237:6.37504
7238:6.37504
7239:6.37504
7240:6.37504
7241:0.5
7242:4.85798
7243:4.85798
7244:6.37504
7245:6.37504
7246:0.5
7247:1
7248:6.40939
7249:6.40939
7250:1.41504
7251:0.5
7252:6.47573
7253:6.47573
7254:0.5
7255:4.15381
7256:4.15381
7257:6.37504
7258:6.37504
7259:6.37504
7260:0.5
7261:1
7262:0.415037
7263:6.89482
7264:6.89482
7265:6.89482
7266:6.89482
7267:6.37504
7268:6.37504
7269:0.5
7270:3.88536
7271:3.88536
7272:0.5
7273:4.18587
7274:4.18587
7275:0.5
7276:3.7318
7277:3.7318
7278:0.5
7279:6.47573
7280:6.47573
7281:0.5
7282:7.19967
7283:7.19967
7284:0.5
7285:3.09245
7286:3.09245
7287:0.5
7288:3.72489
7289:3.72489
7290:6.37504
7291:6.37504
7292:0.5
7293:7.01123
7294:7.01123
7295:0.5
7296:6.56986
7297:2
7298:6.37504
7299:0.5
7300:3.66838
7301:3.66838
7302:6.37504
7303:0.5
7304:6.50779
7305:6.50779
7306:0.5
7307:6.27922
7308:6.27922
7309:6.37504
7310:0.5
7311:4.73335
7312:4.73335
7313:6.37504
7314:0.5
7315:1
7316:6.76818
7317:6.76818
7318:6.76818
7319:6.37504
7320:0.5
7321:5.65344
7322:5.65344
7323:6.37504
7324:0.5
7325:4.98489
7326:4.98489
7327:6.37504
7328:0.5
7329:4.57289
7330:4.57289
7331:0.5
7332:6.50779
7333:6.50779
7334:0.5
7335:4.28876
7336:4.28876
7337:6.37504
7338:6.37504
7339:6.37504
7340:0.5
7341:7.01123
7342:2
7343:6.37504
7344:6.37504
7345:6.37504
7346:6.37504
7347:6.37504
7348:0.5
7349:2.87673
7350:2.87673
7351:6.37504
7352:0.5
7353:4.15381
7354:4.15381
7355:0.5
7356:1
7357:7.34873
7358:7.34873
7359:7.34873
7360:0.5
7361:4.9542
7362:4.9542
7363:6.37504
7364:0.5
7365:5.3339
7366:5.3339
7367:0.5
7368:7.01123
7369:7.01123
7370:6.37504
7371:0.5
7372:2.95777
7373:2.95777
7374:6.37504
7375:6.37504
7376:6.37504
7377:0.5
7378:5.1565
7379:5.1565
7380:0.5
7381:3.45943
7382:3.45943
7383:6.37504
7384:6.37504
7385:0.5
7386:6.56986
7387:2
7388:0.5
7389:5.42626
7390:5.42626
7391:6.37504
7392:0.5
7393:6.37504
7394:6.37504
7395:0.5
7396:1
7397:4.11151
7398:4.11151
7399:4.11151
7400:6.37504
7401:6.37504
7402:6.37504
7403:0.5
7404:4.18587
7405:2
7406:6.37504
7407:6.37504
7408:6.37504
7409:6.37504
7410:6.37504
7411:0.5
7412:2.10109
7413:2
7414:6.37504
7415:6.37504
7416:6.37504
7417:0.5
7418:2.48043
7419:2.48043
7420:6.37504
7421:6.37504
7422:6.37504
7423:6.37504
7424:0.5
7425:7.01123
7426:7.01123
7427:6.37504
7428:0.5
7429:4.22437
7430:4.22437
7431:0.5
7432:4.92283
7433:4.92283
7434:6.37504
7435:0.5
7436:4.9542
7437:4.9542
7438:6.37504
7439:6.37504
7440:6.37504
7441:6.37504
7442:6.37504
7443:6.37504
7444:6.37504
7445:6.37504
7446:6.37504
7447:0.5
7448:5.44846
7449:5.44846
7450:6.37504
7451:6.37504
7452:6.37504
7453:0.5
7454:6.62936
7455:6.62936
7456:0.5
7457:6.47573
7458:6.47573
7459:6.37504
7460:6.37504
7461:0.5
7462:2.57665
7463:2.57665
7464:0.5
7465:3.57787
7466:3.57787
7467:6.37504
7468:0.5
7469:1
7470:4.81762
7471:4.81762
7472:4.81762
7473:6.37504
7474:6.37504
7475:6.37504
7476:0.5
7477:3.61626
7478:2
7479:6.37504
7480:0.5
7481:3.33787
7482:3.33787
7483:6.37504
7484:6.37504
7485:0.5
7486:6.37504
7487:6.37504
7488:6.37504
7489:6.37504
7490:0.5
7491:6.50779
7492:2
7493:6.37504
7494:6.37504
7495:6.37504
7496:0.5
7497:2.95777
7498:2.95777
7499:6.37504
7500:6.37504
7501:6.37504
7502:0.5
7503:5.1565
7504:5.1565
7505:0.5
7506:6.50779
7507:6.50779
7508:0.5
7509:7.29462
7510:7.29462
7511:0.5
7512:4.41181
7513:4.41181
7514:0.5
7515:3.45943
7516:3.45943
7517:0.5
7518:5.1565
7519:5.1565
7520:6.37504
7521:0.5
7522:1
7523:4.82443
7524:4.82443
7525:4.82443
7526:0.5
7527:4.73335
7528:4.73335
7529:6.37504
7530:0.5
7531:1
7532:6.82018
7533:6.82018
7534:6.82018
7535:0.5
7536:1
7537:2.65076
7538:2.65076
7539:2.65076
7540:0.5
7541:5.30986
7542:5.30986
7543:0.5
7544:1
7545:0.415037
7546:6.03709
7547:6.03709
7548:6.03709
7549:6.03709
7550:6.37504
7551:6.37504
7552:0.5
7553:6.53916
7554:6.53916
7555:6.37504
7556:6.37504
7557:6.37504
7558:6.37504
7559:0.5
7560:3.57154
7561:2
7562:6.37504
7563:6.37504
7564:6.37504
7565:6.37504
7566:6.37504
7567:6.37504
7568:6.37504
7569:6.37504
7570:0.5
7571:3.822
7572:2
7573:6.37504
7574:6.37504
7575:0.5
7576:4.41954
7577:4.41954
7578:6.37504
7579:0.5
7580:3.33787
7581:3.33787
7582:6.37504
7583:0.5
7584:7.21917
7585:7.21917
7586:0.5
7587:4.59352
7588:4.59352
7589:6.37504
7590:0.5
7591:6.50779
7592:2
7593:6.37504
7594:6.37504
7595:6.37504
7596:0.5
7597:2.95777
7598:2.95777
7599:6.37504
7600:6.37504
7601:6.37504
7602:0.5
7603:5.1565
7604:5.1565
7605:0.5
7606:3.39993
7607:3.39993
7608:6.37504
7609:0.5
7610:4.01282
7611:4.01282
7612:0.5
7613:5.65344
7614:5.65344
7615:6.37504
7616:0.5
7617:6.40939
7618:6.40939
7619:6.37504
7620:0.5
7621:4.02975
7622:4.02975
7623:0.5
7624:2.21791
7625:2.21791
7626:0.5
7627:4.70834
7628:4.70834
7629:0.5
7630:6.40939
7631:6.40939
7632:0.5
7633:5.1127
7634:5.1127
7635:0.5
7636:2.59904
7637:2.59904
7638:0.5
7639:3.33787
7640:2
7641:0.5
7642:7.34873
7643:7.34873
7644:0.5
7645:3.19114
7646:3.19114
7647:0.5
7648:6.47573
7649:6.47573
7650:6.37504
7651:0.5
7652:1
7653:3.822
7654:3.822
7655:3.822
7656:0.5
7657:1.96683
7658:1.96683
7659:6.37504
7660:6.37504
7661:0.5
7662:1.24189
7663:1.24189
7664:6.37504
7665:0.5
7666:3.77259
7667:3.77259
7668:6.37504
7669:6.37504
7670:0.5
7671:3.93411
7672:3.93411
7673:0.5
7674:6.50779
7675:6.50779
7676:6.37504
7677:6.37504
7678:6.37504
7679:6.37504
7680:6.37504
7681:6.37504
7682:0.5
7683:3.70044
7684:3.70044
7685:6.37504
7686:0.5
7687:7.43463
7688:7.43463
7689:0.5
7690:4.1788
7691:4.1788
7692:6.37504
7693:0.5
7694:6.37504
7695:2
7696:0.5
7697:1
7698:3.53797
7699:3.53797
7700:3.53797
7701:6.37504
7702:6.37504
7703:6.37504
7704:0.5
7705:7.01123
7706:7.01123
7707:0.5
7708:4.92283
7709:4.92283
7710:0.5
7711:4.82443
7712:4.82443
7713:0.5
7714:6.37504
7715:6.37504
7716:6.37504
7717:6.37504
7718:6.37504
7719:6.37504
7720:6.37504
7721:0.5
7722:1
7723:4.46877
7724:4.46877
7725:1.41504
7726:6.37504
7727:0.5
7728:1.96683
7729:1.96683
7730:6.37504
7731:0.5
7732:4.41954
7733:4.41954
7734:0.5
7735:1
7736:6.40939
7737:6.40939
7738:6.40939
7739:0.5
7740:4.1247
7741:4.1247
7742:0.5
7743:6.44294
7744:6.44294
7745:6.37504
7746:6.37504
7747:6.37504
7748:6.37504
7749:6.37504
7750:0.5
7751:5.1565
7752:5.1565
7753:0.5
7754:1
7755:5.23522
7756:5.23522
7757:5.23522
7758:6.37504
7759:0.5
7760:1
7761:0.415037
7762:0.263034
7763:3.98995
7764:3.98995
7765:0.777608
7766:3.98995
7767:3.98995
7768:3.98995
7769:3.98995
7770:0.5
7771:4.82443
7772:4.82443
7773:6.37504
7774:0.5
7775:6.37504
7776:6.37504
7777:0.5
7778:4.41954
7779:4.41954
7780:0.5
7781:5.10154
7782:5.10154
7783:0.5
7784:2.21791
7785:2.21791
7786:6.37504
7787:6.37504
7788:6.37504
7789:6.37504
7790:6.37504
7791:0.5
7792:4.57827
7793:4.57827
7794:0.5
7795:5.65344
7796:5.65344
7797:0.5
7798:4.33628
7799:4.33628
7800:6.37504
7801:6.37504
7802:0.5
7803:1
7804:0.415037
7805:2.80735
7806:2.80735
7807:2.80735
7808:2.80735
7809:6.37504
7810:6.37504
7811:6.37504
7812:0.5
7813:5.04439
7814:2
7815:0.5
7816:1
7817:7.01123
7818:7.01123
7819:7.01123
7820:6.37504
7821:6.37504
7822:6.37504
7823:6.37504
7824:0.5
7825:4.57827
7826:4.57827
7827:0.5
7828:5.65344
7829:5.65344
7830:0.5
7831:4.39232
7832:4.39232
7833:0.5
7834:7.19967
7835:7.19967
7836:0.5
7837:1
7838:6.29155
7839:6.29155
7840:6.29155
7841:0.5
7842:6.50779
7843:6.50779
7844:6.37504
7845:6.37504
7846:6.37504
7847:6.37504
7848:6.37504
7849:6.37504
7850:0.5
7851:3.77259
7852:3.77259
7853:6.37504
7854:6.37504
7855:6.37504
7856:6.37504
7857:0.5
7858:6.37504
7859:6.37504
7860:6.37504
7861:0.5
7862:4.87774
7863:4.87774
7864:0.5
7865:2.48043
7866:2.48043
7867:0.5
7868:4.41954
7869:4.41954
7870:0.5
7871:7.01123
7872:7.01123
7873:0.5
7874:2.48043
7875:2.48043
7876:0.5
7877:2.19579
7878:2.19579
7879:6.37504
7880:6.37504
7881:6.37504
7882:6.37504
7883:0.5
7884:7.87652
7885:2
7886:6.37504
7887:6.37504
7888:6.37504
7889:6.37504
7890:6.37504
7891:6.37504
7892:0.5
7893:5.04439
7894:5.04439
7895:6.37504
7896:6.37504
7897:6.37504
7898:6.37504
7899:6.37504
7900:0.5
7901:4.9542
7902:4.9542
7903:6.37504
7904:6.37504
7905:0.5
7906:2.64599
7907:2.64599
7908:0.5
7909:4.82443
7910:4.82443
7911:6.37504
7912:6.37504
7913:6.37504
7914:6.37504
7915:0.5
7916:4.82443
7917:4.82443
7918:0.5
7919:2.64599
7920:2.64599
7921:0.5
7922:1
7923:4.18587
7924:4.18587
7925:4.18587
7926:6.37504
7927:6.37504
7928:6.37504
7929:6.37504
7930:6.37504
7931:6.37504
7932:0.5
7933:4.9542
7934:4.9542
7935:0.5
7936:5.65344
7937:5.65344
7938:6.37504
7939:0.5
7940:1
7941:1.88194
7942:1.88194
7943:1.88194
7944:0.5
7945:2.86942
7946:2.86942
7947:0.5
7948:1.67659
7949:1.67659
7950:6.37504
7951:6.37504
7952:0.5
7953:4.17608
7954:4.17608
7955:0.5
7956:2.19579
7957:2.19579
7958:6.37504
7959:0.5
7960:1
7961:2.12433
7962:2.12433
7963:2.12433
7964:0.5
7965:5.04439
7966:5.04439
7967:6.37504
7968:6.37504
7969:6.37504
7970:0.5
7971:4.18587
7972:4.18587
7973:6.37504
7974:6.37504
7975:6.37504
7976:6.37504
7977:6.37504
7978:6.37504
7979:0.5
7980:4.18587
7981:4.18587
7982:6.37504
7983:0.5
7984:3.50027
7985:3.50027
7986:6.37504
7987:0.5
7988:6.37504
7989:6.37504
7990:0.5
7991:5.60288
7992:5.60288
7993:6.37504
7994:6.37504
7995:6.37504
7996:0.5
7997:6.79442
7998:6.79442
7999:0.5
8000:6.98868
8001:6.98868
8002:6.37504
8003:0.5
8004:6.56986
8005:6.56986
8006:6.37504
8007:6.37504
8008:6.37504
8009:0.5
8010:1
8011:0.415037
8012:0.263034
8013:0.192645
8014:4.92283
8015:0.415037
8016:4.92283
8017:4.92283
8018:4.92283
8019:4.92283
8020:4.92283
8021:4.92283
8022:6.37504
8023:6.37504
8024:6.37504
8025:6.37504
8026:6.37504
8027:6.37504
8028:6.37504
8029:6.37504
8030:0.5
8031:3.59826
8032:3.59826
8033:0.5
8034:3.04103
8035:3.04103
8036:6.37504
8037:0.5
8038:3.51873
8039:3.51873
8040:0.5
8041:6.37504
8042:6.37504
8043:0.5
8044:2.64599
8045:2.64599
8046:6.37504
8047:6.37504
8048:6.37504
8049:6.37504
8050:6.37504
8051:6.37504
8052:6.37504
8053:6.37504
8054:6.37504
8055:0.5
8056:2.5429
8057:2.5429
8058:6.37504
8059:6.37504
8060:6.37504
8061:6.37504
8062:0.5
8063:6.44294
8064:6.44294
8065:6.37504
8066:6.37504
8067:6.37504
8068:0.5
8069:3.71516
8070:3.71516
8071:6.37504
8072:6.37504
8073:6.37504
8074:6.37504
8075:6.37504
8076:6.37504
8077:6.37504
8078:6.37504
8079:6.37504
8080:6.37504
8081:0.5
8082:2.5429
8083:2.5429
8084:0.5
8085:2.10109
8086:2.10109
8087:6.37504
8088:0.5
8089:4.85798
8090:4.85798
8091:0.5
8092:6.44294
8093:6.44294
8094:0.5
8095:2.59904
8096:2.59904
8097:6.37504
8098:6.37504
8099:6.37504
8100:6.37504
8101:0.5
8102:1
8103:6.62936
8104:6.62936
8105:6.62936
8106:6.37504
8107:6.37504
8108:6.37504
8109:0.5
8110:4.24793
8111:4.24793
8112:6.37504
8113:0.5
8114:6.37504
8115:6.37504
8116:0.5
8117:8.98584
8118:8.98584
8119:6.37504
8120:0.5
8121:1
8122:4.15843
8123:4.15843
8124:4.15843
8125:6.37504
8126:6.37504
8127:6.37504
8128:6.37504
8129:6.37504
8130:6.37504
8131:6.37504
8132:6.37504
8133:6.37504
8134:6.37504
8135:6.37504
8136:6.37504
8137:6.37504
8138:6.37504
8139:6.37504
8140:0.5
8141:4.47249
8142:4.47249
8143:0.5
8144:6.37504
8145:6.37504
8146:0.5
8147:4.39232
8148:4.39232
8149:6.37504
8150:6.37504
8151:6.37504
8152:6.37504
8153:0.5
8154:4.82443
8155:4.82443
8156:6.37504
8157:0.5
8158:5.35755
8159:5.35755
8160:0.5
8161:6.91886
8162:6.91886
8163:6.37504
8164:6.37504
8165:0.5
8166:1.24189
8167:1.24189
8168:0.5
8169:1
8170:6.62936
8171:6.62936
8172:6.62936
8173:6.37504
8174:6.37504
8175:0.5
8176:1.67659
8177:1.67659
8178:6.37504
8179:6.37504
8180:0.5
8181:6.16323
8182:6.16323
8183:6.37504
8184:6.37504
8185:0.5
8186:6.37504
8187:6.37504
8188:6.37504
8189:0.5
8190:4.15381
8191:4.15381
8192:6.37504
8193:0.5
8194:7.01123
8195:7.01123
8196:6.37504
8197:6.37504
8198:0.5
8199:4.92283
8200:4.92283
8201:6.37504
8202:6.37504
8203:6.37504
8204:0.5
8205:3.87915
8206:3.87915
8207:0.5
8208:4.57827
8209:4.57827
8210:0.5
8211:6.79442
8212:6.79442
8213:6.37504
8214:6.37504
8215:6.37504
8216:6.37504
8217:6.37504
8218:6.37504
8219:0.5
8220:3.4185
8221:3.4185
8222:6.37504
8223:0.5
8224:3.33787
8225:3.33787
8226:0.5
8227:4.85798
8228:4.85798
8229:0.5
8230:1
8231:4.02975
8232:4.02975
8233:4.02975
8234:6.37504
8235:6.37504
8236:6.37504
8237:6.37504
8238:0.5
8239:1
8240:4.57827
8241:4.57827
8242:4.57827
8243:0.5
8244:4.11151
8245:4.11151
8246:6.37504
8247:0.5
8248:6.76818
8249:6.76818
8250:0.5
8251:3.21205
8252:3.21205
8253:0.5
8254:4.59694
8255:4.59694
8256:0.5
8257:3.66838
8258:3.66838
8259:6.37504
8260:6.37504
8261:0.5
8262:6.74147
8263:6.74147
8264:0.5
8265:6.79442
8266:6.79442
8267:0.5
8268:2.64599
8269:2.64599
8270:0.5
8271:4.28876
8272:4.28876
8273:0.5
8274:1
8275:1.10764
8276:1.10764
8277:1.10764
8278:0.5
8279:6.37504
8280:6.37504
8281:6.37504
8282:6.37504
8283:0.5
8284:4.62727
8285:4.62727
8286:6.37504
8287:0.5
8288:6.37504
8289:6.37504
8290:6.37504
8291:6.37504
8292:0.5
8293:4.15381
8294:4.15381
8295:0.5
8296:3.73419
8297:3.73419
8298:6.37504
8299:6.37504
8300:0.5
8301:1.96683
8302:2
8303:6.37504
8304:0.5
8305:4.41954
8306:4.41954
8307:0.5
8308:1
8309:6.40939
8310:6.40939
8311:6.40939
8312:6.37504
8313:0.5
8314:3.66838
8315:3.66838
8316:0.5
8317:2.57665
8318:2.57665
8319:0.5
8320:5.1565
8321:5.1565
8322:6.37504
8323:0.5
8324:1
8325:0.415037
8326:4.98489
8327:4.98489
8328:4.98489
8329:4.98489
8330:0.5
8331:1
8332:3.57154
8333:3.57154
8334:3.57154
8335:0.5
8336:4.70834
8337:4.70834
8338:0.5
8339:3.33787
8340:3.33787
8341:6.37504
8342:6.37504
8343:6.37504
8344:0.5
8345:5.04439
8346:5.04439
8347:0.5
8348:4.15381
8349:4.15381
8350:0.5
8351:3.73419
8352:3.73419
8353:0.5
8354:7.13955
8355:7.13955
8356:0.5
8357:3.93411
8358:3.93411
8359:6.37504
8360:6.37504
8361:0.5
8362:1
8363:0.415037
8364:6.37504
8365:6.37504
8366:6.37504
8367:6.37504
8368:0.5
8369:3.73419
8370:3.73419
8371:6.37504
8372:0.5
8373:4.98489
8374:4.98489
8375:6.37504
8376:0.5
8377:1
8378:0.415037
8379:6.37504
8380:6.37504
8381:6.37504
8382:6.37504
8383:0.5
8384:7.13955
8385:7.13955
8386:6.37504
8387:6.37504
8388:0.5
8389:7.74819
8390:7.74819
8391:0.5
8392:4.15843
8393:4.15843
8394:0.5
8395:4.15381
8396:4.15381
8397:0.5
8398:3.73419
8399:3.73419
8400:6.37504
8401:6.37504
8402:6.37504
8403:6.37504
8404:6.37504
8405:6.37504
8406:0.5
8407:2.95777
8408:2.95777
8409:0.5
8410:7.13955
8411:7.13955
8412:0.5
8413:3.51873
8414:3.51873
8415:0.5
8416:1.96683
8417:1.96683
8418:6.37504
8419:0.5
8420:4.41954
8421:4.41954
8422:0.5
8423:4.82443
8424:4.82443
8425:0.5
8426:2.21791
8427:2.21791
8428:0.5
8429:4.70834
8430:4.70834
8431:6.37504
8432:0.5
8433:2.67094
8434:2.67094
8435:6.37504
8436:6.37504
8437:6.37504
8438:0.5
8439:6.59991
8440:6.59991
8441:6.37504
8442:0.5
8443:6.40939
8444:6.40939
8445:6.37504
8446:6.37504
8447:6.37504
8448:6.37504
8449:0.5
8450:6.37504
8451:6.37504
8452:6.37504
8453:0.5
8454:4.28876
8455:4.28876
8456:0.5
8457:5.26053
8458:5.26053
8459:0.5
8460:3.29278
8461:3.29278
8462:0.5
8463:4.57827
8464:4.57827
8465:0.5
8466:4.82443
8467:4.82443
8468:6.37504
8469:6.37504
8470:6.37504
8471:6.37504
8472:6.37504
8473:6.37504
8474:6.37504
8475:6.37504
8476:6.37504
8477:6.37504
8478:6.37504
8479:6.37504
8480:6.37504
8481:6.37504
8482:0.5
8483:6.79442
8484:6.79442
8485:6.37504
8486:0.5
8487:1
8488:6.40939
8489:6.40939
8490:6.40939
8491:6.37504
8492:6.37504
8493:6.37504
8494:6.37504
8495:0.5
8496:4.89077
8497:4.89077
8498:6.37504
8499:6.37504
8500:0.5
8501:3.79256
8502:3.79256
8503:0.5
8504:6.74147
8505:6.74147
8506:6.37504
8507:6.37504
8508:0.5
8509:5.1565
8510:5.1565
8511:0.5
8512:6.44294
8513:6.44294
8514:6.37504
8515:6.37504
8516:6.37504
8517:0.5
8518:6.37504
8519:6.37504
8520:6.37504
8521:6.37504
8522:6.37504
8523:6.37504
8524:0.5
8525:4.24793
8526:4.24793
8527:6.37504
8528:6.37504
8529:6.37504
8530:6.37504
8531:6.37504
8532:6.37504
8533:0.5
8534:4.89077
8535:4.89077
8536:0.5
8537:6.37504
8538:6.37504
8539:6.37504
8540:0.5
8541:7.01123
8542:7.01123
8543:6.37504
8544:6.37504
8545:6.37504
8546:6.37504
8547:0.5
8548:4.57827
8549:4.57827
8550:6.37504
8551:0.5
8552:6.53916
8553:6.53916
8554:6.37504
8555:6.37504
8556:6.37504
8557:0.5
8558:3.33787
8559:3.33787
8560:6.37504
8561:0.5
8562:4.9542
8563:4.9542
8564:6.37504
8565:6.37504
8566:6.37504
8567:6.37504
8568:0.5
8569:3.51873
8570:3.51873
8571:6.37504
8572:0.5
8573:1
8574:0.415037
8575:0.263034
8576:0.192645
8577:4.92283
8578:4.92283
8579:4.92283
8580:4.92283
8581:4.92283
8582:4.92283
8583:6.37504
8584:0.5
8585:3.70044
8586:3.70044
8587:0.5
8588:1
8589:3.92811
8590:3.92811
8591:3.92811
8592:0.5
8593:3.52925
8594:3.52925
8595:6.37504
8596:0.5
8597:1
8598:6.29155
8599:6.29155
8600:1.41504
8601:0.5
8602:1
8603:0.415037
8604:4.89077
8605:4.89077
8606:4.89077
8607:1.26303
8608:6.37504
8609:6.37504
8610:6.37504
8611:0.5
8612:3.66838
8613:3.66838
8614:0.5
8615:7.01123
8616:7.01123
8617:6.37504
8618:6.37504
8619:6.37504
8620:6.37504
8621:6.37504
8622:6.37504
8623:0.5
8624:1
8625:6.50779
8626:6.50779
8627:6.50779
8628:6.37504
8629:6.37504
8630:6.37504
8631:6.37504
8632:0.5
8633:6.62936
8634:6.62936
8635:6.37504
8636:0.5
8637:3.66838
8638:3.66838
8639:6.37504
8640:0.5
8641:4.82443
8642:4.82443
8643:0.5
8644:1
8645:0.415037
8646:4.89077
8647:4.89077
8648:4.89077
8649:4.89077
8650:6.37504
8651:0.5
8652:5.18322
8653:5.18322
8654:0.5
8655:4.24793
8656:4.24793
8657:0.5
8658:3.96083
8659:3.96083
8660:0.5
8661:4.59694
8662:4.59694
8663:0.5
8664:4.97269
8665:4.97269
8666:6.37504
8667:6.37504
8668:6.37504
8669:6.37504
8670:0.5
8671:4.97269
8672:4.97269
8673:0.5
8674:4.98489
8675:4.98489
8676:6.37504
8677:0.5
8678:4.82443
8679:4.82443
8680:6.37504
8681:0.5
8682:1
8683:6.50779
8684:6.50779
8685:1.41504
8686:0.5
8687:2.69302
8688:2.69302
8689:0.5
8690:4.41954
8691:4.41954
8692:6.37504
8693:0.5
8694:4.41954
8695:4.41954
8696:6.37504
8697:0.5
8698:3.66838
8699:3.66838
8700:6.37504
8701:6.37504
8702:0.5
8703:5.1565
8704:5.1565
8705:6.37504
8706:6.37504
8707:6.37504
8708:6.37504
8709:6.37504
8710:0.5
8711:6.50779
8712:6.50779
8713:0.5
8714:3.31342
8715:3.31342
8716:0.5
8717:5.65344
8718:5.65344
8719:6.37504
8720:6.37504
8721:0.5
8722:6.79442
8723:6.79442
8724:0.5
8725:1.9301
8726:1.9301
8727:6.37504
8728:0.5
8729:1
8730:4.89077
8731:4.89077
8732:4.89077
8733:0.5
8734:2.85505
8735:2.85505
8736:6.37504
8737:6.37504
8738:0.5
8739:3.77259
8740:3.77259
8741:6.37504
8742:0.5
8743:3.51873
8744:3.51873
8745:6.37504
8746:0.5
8747:1
8748:0.415037
8749:3.98995
8750:3.98995
8751:1
8752:3.98995
8753:3.98995
8754:3.98995
8755:0.5
8756:1.55308
8757:1.55308
8758:6.37504
8759:6.37504
8760:0.5
8761:4.18587
8762:4.18587
8763:6.37504
8764:6.37504
8765:0.5
8766:7.01123
8767:2
8768:6.37504
8769:6.37504
8770:6.37504
8771:0.5
8772:3.61626
8773:3.61626
8774:6.37504
8775:6.37504
8776:6.37504
8777:0.5
8778:4.82443
8779:4.82443
8780:6.37504
8781:0.5
8782:5.65344
8783:5.65344
8784:0.5
8785:4.82443
8786:4.82443
8787:6.37504
8788:6.37504
8789:6.37504
8790:0.5
8791:3.50027
8792:3.50027
8793:0.5
8794:6.40939
8795:6.40939
8796:6.37504
8797:6.37504
8798:6.37504
8799:6.37504
8800:0.5
8801:3.66838
8802:3.66838
8803:0.5
8804:3.47947
8805:3.47947
8806:6.37504
8807:6.37504
8808:0.5
8809:1
8810:4.80162
8811:4.80162
8812:4.80162
8813:6.37504
8814:0.5
8815:3.61626
8816:3.61626
8817:0.5
8818:4.91648
8819:4.91648
8820:6.37504
8821:6.37504
8822:6.37504
8823:6.37504
8824:0.5
8825:6.37504
8826:6.37504
8827:0.5
8828:7.87652
8829:7.87652
8830:6.37504
8831:0.5
8832:2.64599
8833:2.64599
8834:6.37504
8835:6.37504
8836:6.37504
8837:6.37504
8838:6.37504
8839:0.5
8840:4.82443
8841:4.82443
8842:6.37504
8843:0.5
8844:5.04439
8845:5.04439
8846:0.5
8847:6.37504
8848:6.37504
8849:6.37504
8850:0.5
8851:6.56986
8852:6.56986
8853:0.5
8854:4.22437
8855:4.22437
8856:0.5
8857:3.77259
8858:3.77259
8859:6.37504
8860:6.37504
8861:0.5
8862:5.54226
8863:5.54226
8864:0.5
8865:5.81592
8866:5.81592
8867:0.5
8868:3.09245
8869:3.09245
8870:0.5
8871:3.09398
8872:3.09398
8873:0.5
8874:4.9542
8875:4.9542
8876:0.5
8877:4.11151
8878:4.11151
8879:0.5
8880:1
8881:5.55459
8882:5.55459
8883:5.55459
8884:6.37504
8885:0.5
8886:4.73335
8887:4.73335
8888:0.5
8889:5.3339
8890:5.3339
8891:6.37504
8892:6.37504
8893:6.37504
8894:6.37504
8895:6.37504
8896:0.5
8897:3.47947
8898:3.47947
8899:6.37504
8900:6.37504
8901:6.37504
8902:6.37504
8903:6.37504
8904:6.37504
8905:0.5
8906:7.21917
8907:7.21917
8908:0.5
8909:3.22463
8910:3.22463
8911:0.5
8912:4.00998
8913:4.00998
8914:6.37504
8915:6.37504
8916:0.5
8917:4.82443
8918:4.82443
8919:0.5
8920:5.81592
8921:5.81592
8922:0.5
8923:6.37504
8924:6.37504
8925:0.5
8926:1
8927:6.37504
8928:6.37504
8929:1.41504
8930:0.5
8931:4.9542
8932:2
8933:6.37504
8934:0.5
8935:6.37504
8936:6.37504
8937:0.5
8938:4.82443
8939:4.82443
8940:6.37504
8941:6.37504
8942:0.5
8943:5.04439
8944:5.04439
8945:0.5
8946:4.9542
8947:4.9542
8948:0.5
8949:7.34873
8950:7.34873
8951:6.37504
8952:6.37504
8953:6.37504
8954:6.37504
8955:6.37504
8956:6.37504
8957:6.37504
8958:0.5
8959:4.18587
8960:2
8961:6.37504
8962:6.37504
8963:6.37504
8964:6.37504
8965:6.37504
8966:6.37504
8967:6.37504
8968:6.37504
8969:6.37504
8970:6.37504
8971:6.37504
8972:0.5
8973:4.18587
8974:4.18587
8975:6.37504
8976:6.37504
8977:6.37504
8978:0.5
8979:6.74147
8980:6.74147
8981:0.5
8982:3.22463
8983:3.22463
8984:0.5
8985:4.73335
8986:4.73335
8987:6.37504
8988:6.37504
8989:6.37504
8990:6.37504
8991:6.37504
8992:6.37504
8993:0.5
8994:7.40088
8995:7.40088
8996:6.37504
8997:6.37504
8998:6.37504
8999:6.37504
9000:0.5
9001:4.98489
9002:4.98489
9003:0.5
9004:1
9005:7.34873
9006:7.34873
9007:1.41504
9008:0.5
9009:1
9010:6.47573
9011:6.47573
9012:6.47573
9013:6.37504
9014:6.37504
9015:6.37504
9016:6.37504
9017:0.5
9018:4.92283
9019:4.92283
9020:6.37504
9021:0.5
9022:4.92283
9023:4.92283
9024:6.37504
9025:6.37504
9026:0.5
9027:3.33787
9028:3.33787
9029:6.37504
9030:6.37504
9031:6.37504
9032:0.5
9033:1
9034:1.87447
9035:1.87447
9036:1.87447
9037:6.37504
9038:6.37504
9039:6.37504
9040:6.37504
9041:0.5
9042:1
9043:6.53916
9044:6.53916
9045:6.53916
9046:6.37504
9047:6.37504
9048:0.5
9049:5.42626
9050:5.42626
9051:6.37504
9052:6.37504
9053:6.37504
9054:0.5
9055:3.09398
9056:3.09398
9057:6.37504
9058:0.5
9059:6.44294
9060:6.44294
9061:0.5
9062:2.64599
9063:2.64599
9064:6.37504
9065:0.5
9066:3.53459
9067:3.53459
9068:0.5
9069:1
9070:2.21791
9071:2.21791
9072:2.21791
9073:0.5
9074:1
9075:0.415037
9076:6.56986
9077:6.56986
9078:6.56986
9079:6.56986
9080:0.5
9081:7.01123
9082:7.01123
9083:0.5
9084:4.22437
9085:4.22437
9086:0.5
9087:2.59455
9088:2.59455
9089:6.37504
9090:6.37504
9091:6.37504
9092:6.37504
9093:6.37504
9094:0.5
9095:1
9096:0.415037
9097:6.37504
9098:6.37504
9099:6.37504
9100:6.37504
9101:0.5
9102:3.73419
9103:3.73419
9104:0.5
9105:6.37504
9106:6.37504
9107:0.5
9108:4.62059
9109:4.62059
9110:6.37504
9111:0.5
9112:1
9113:6.59991
9114:6.59991
9115:6.59991
9116:0.5
9117:4.82443
9118:4.82443
9119:6.37504
9120:6.37504
9121:6.37504
9122:6.37504
9123:0.5
9124:3.33787
9125:3.33787
9126:0.5
9127:4.36457
9128:4.36457
9129:6.37504
9130:0.5
9131:6.27922
9132:2
9133:6.37504
9134:6.37504
9135:6.37504
9136:0.5
9137:1.24189
9138:1.24189
9139:0.5
9140:1
9141:6.62936
9142:6.62936
9143:6.62936
9144:6.37504
9145:6.37504
9146:6.37504
9147:6.37504
9148:6.37504
9149:6.37504
9150:6.37504
9151:0.5
9152:6.50779
9153:6.50779
9154:0.5
9155:4.17608
9156:2
9157:6.37504
9158:0.5
9159:1
9160:0.415037
9161:6.56986
9162:6.56986
9163:6.56986
9164:6.56986
9165:0.5
9166:6.53916
9167:6.53916
9168:0.5
9169:5.23522
9170:2
9171:6.37504
9172:6.37504
9173:6.37504
9174:0.5
9175:1
9176:2.78051
9177:2.78051
9178:2.78051
9179:0.5
9180:1
9181:5.76377
9182:5.76377
9183:5.76377
9184:6.37504
9185:6.37504
9186:6.37504
9187:6.37504
9188:6.37504
9189:0.5
9190:3.96083
9191:3.96083
9192:0.5
9193:4.11151
9194:4.11151
9195:6.37504
9196:6.37504
9197:0.5
9198:3.53459
9199:3.53459
9200:6.37504
9201:6.37504
9202:6.37504
9203:0.5
9204:2.78051
9205:2.78051
9206:0.5
9207:4.6893
9208:4.6893
9209:0.5
9210:5.42626
9211:5.42626
9212:0.5
9213:2.80735
9214:2.80735
9215:6.37504
9216:0.5
9217:3.61626
9218:3.61626
9219:0.5
9220:5.11746
9221:5.11746
9222:0.5
9223:3.51873
9224:3.51873
9225:6.37504
9226:0.5
9227:4.89077
9228:2
9229:0.5
9230:6.47573
9231:6.47573
9232:6.37504
9233:6.37504
9234:6.37504
9235:6.37504
9236:6.37504
9237:6.37504
9238:0.5
9239:5.04439
9240:5.04439
9241:0.5
9242:4.15381
9243:4.15381
9244:0.5
9245:3.73419
9246:3.73419
9247:0.5
9248:5.53398
9249:5.53398
9250:0.5
9251:6.98868
9252:6.98868
9253:0.5
9254:1
9255:3.93411
9256:3.93411
9257:3.93411
9258:6.37504
9259:6.37504
9260:0.5
9261:1
9262:0.415037
9263:6.37504
9264:6.37504
9265:6.37504
9266:6.37504
9267:0.5
9268:3.93411
9269:3.93411
9270:6.37504
9271:6.37504
9272:0.5
9273:3.93411
9274:2
9275:6.37504
9276:0.5
9277:1
9278:6.76818
9279:6.76818
9280:6.76818
9281:6.37504
9282:0.5
9283:1
9284:4.82443
9285:4.82443
9286:4.82443
9287:0.5
9288:4.73335
9289:4.73335
9290:0.5
9291:4.92283
9292:4.92283
9293:6.37504
9294:6.37504
9295:6.37504
9296:0.5
9297:4.01282
9298:4.01282
9299:0.5
9300:1
9301:4.46877
9302:4.46877
9303:4.46877
9304:6.37504
9305:6.37504
9306:0.5
9307:6.53916
9308:6.53916
9309:0.5
9310:1
9311:4.82443
9312:4.82443
9313:4.82443
9314:0.5
9315:3.51873
9316:3.51873
9317:0.5
9318:5.26053
9319:5.26053
9320:0.5
9321:3.10434
9322:3.10434
9323:0.5
9324:2.80735
9325:2.80735
9326:0.5
9327:6.47573
9328:6.47573
9329:0.5
9330:3.10434
9331:3.10434
9332:6.37504
9333:0.5
9334:6.16323
9335:6.16323
9336:0.5
9337:5.11746
9338:5.11746
9339:6.37504
9340:0.5
9341:4.73335
9342:4.73335
9343:0.5
9344:4.92283
9345:4.92283
9346:0.5
9347:5.23522
9348:5.23522
9349:6.37504
9350:0.5
9351:5.65344
9352:5.65344
9353:0.5
9354:4.17608
9355:2
9356:0.5
9357:5.81592
9358:5.81592
9359:0.5
9360:3.66838
9361:3.66838
9362:6.37504
9363:0.5
9364:6.37504
9365:6.37504
9366:6.37504
9367:0.5
9368:1
9369:4.82443
9370:4.82443
9371:4.82443
9372:6.37504
9373:0.5
9374:3.33787
9375:3.33787
9376:6.37504
9377:0.5
9378:6.40939
9379:6.40939
9380:6.37504
9381:0.5
9382:1
9383:4.02975
9384:4.02975
9385:4.02975
9386:6.37504
9387:0.5
9388:5.53398
9389:5.53398
9390:0.5
9391:4.15381
9392:4.15381
9393:0.5
9394:3.73419
9395:3.73419
9396:0.5
9397:6.47573
9398:6.47573
9399:0.5
9400:4.15381
9401:4.15381
9402:0.5
9403:4.11151
9404:4.11151
9405:0.5
9406:6.37504
9407:6.37504
9408:6.37504
9409:6.37504
9410:0.5
9411:4.15381
9412:4.15381
9413:0.5
9414:3.73419
9415:3.73419
9416:0.5
9417:2.65076
9418:2.65076
9419:6.37504
9420:6.37504
9421:0.5
9422:3.53459
9423:3.53459
9424:6.37504
9425:0.5
9426:6.47573
9427:6.47573
9428:0.5
9429:6.37504
9430:6.37504
9431:0.5
9432:5.60288
9433:5.60288
9434:6.37504
9435:6.37504
9436:0.5
9437:6.44294
9438:6.44294
9439:6.37504
9440:0.5
9441:3.77259
9442:3.77259
9443:6.37504
9444:6.37504
9445:6.37504
9446:6.37504
9447:0.5
9448:6.56986
9449:6.56986
9450:6.37504
9451:6.37504
9452:0.5
9453:3.33787
9454:2
9455:6.37504
9456:6.37504
9457:6.37504
9458:6.37504
9459:0.5
9460:2.75803
9461:2.75803
9462:6.37504
9463:0.5
9464:4.1247
9465:4.1247
9466:6.37504
9467:0.5
9468:4.89077
9469:4.89077
9470:0.5
9471:4.28876
9472:4.28876
9473:6.37504
9474:6.37504
9475:6.37504
9476:0.5
9477:1
9478:0.415037
9479:6.37504
9480:6.37504
9481:6.37504
9482:6.37504
9483:6.37504
9484:6.37504
9485:6.37504
9486:6.37504
9487:6.37504
9488:6.37504
9489:6.37504
9490:6.37504
9491:6.37504
9492:6.37504
9493:6.37504
9494:6.37504
9495:0.5
9496:6.59991
9497:6.59991
9498:6.37504
9499:0.5
9500:1.88194
9501:1.88194
9502:6.37504
9503:6.37504
9504:6.37504
9505:0.5
9506:2.95641
9507:2.95641
9508:6.37504
9509:0.5
9510:6.94251
9511:6.94251
9512:0.5
9513:1
9514:7.01123
9515:7.01123
9516:7.01123
9517:0.5
9518:3.21205
9519:3.21205
9520:6.37504
9521:0.5
9522:6.50779
9523:6.50779
9524:0.5
9525:6.37504
9526:6.37504
9527:6.37504
9528:6.37504
9529:6.37504
9530:0.5
9531:3.96083
9532:3.96083
9533:6.37504
9534:6.37504
9535:6.37504
9536:6.37504
9537:6.37504
9538:6.37504
9539:0.5
9540:5.26053
9541:5.26053
9542:6.37504
9543:6.37504
9544:0.5
9545:4.33628
9546:4.33628
9547:6.37504
9548:0.5
9549:2.80735
9550:2.80735
9551:6.37504
9552:6.37504
9553:6.37504
9554:6.37504
9555:6.37504
9556:0.5
9557:6.44294
9558:6.44294
9559:6.37504
9560:6.37504
9561:6.37504
9562:0.5
9563:4.73335
9564:4.73335
9565:0.5
9566:2.10109
9567:2.10109
9568:6.37504
9569:6.37504
9570:6.37504
9571:0.5
9572:1
9573:3.33787
9574:3.33787
9575:1.41504
9576:6.37504
9577:6.37504
9578:6.37504
9579:6.37504
9580:6.37504
9581:0.5
9582:2.10109
9583:2.10109
9584:0.5
9585:3.33787
9586:3.33787
9587:6.37504
9588:0.5
9589:4.1247
9590:2
9591:0.5
9592:1
9593:3.93411
9594:3.93411
9595:3.93411
9596:6.37504
9597:6.37504
9598:6.37504
9599:0.5
9600:6.37504
9601:6.37504
9602:6.37504
9603:0.5
9604:4.9542
9605:4.9542
9606:0.5
9607:1.67659
9608:1.67659
9609:0.5
9610:3.11042
9611:3.11042
9612:6.37504
9613:0.5
9614:6.53916
9615:6.53916
9616:6.37504
9617:6.37504
9618:6.37504
9619:6.37504
9620:0.5
9621:6.56986
9622:2
9623:6.37504
9624:6.37504
9625:6.37504
9626:6.37504
9627:6.37504
9628:6.37504
9629:6.37504
9630:6.37504
9631:6.37504
9632:0.5
9633:4.28876
9634:4.28876
9635:6.37504
9636:6.37504
9637:6.37504
9638:0.5
9639:2.97124
9640:2.97124
9641:6.37504
9642:0.5
9643:1
9644:6.82018
9645:6.82018
9646:6.82018
9647:6.37504
9648:6.37504
9649:6.37504
9650:6.37504
9651:6.37504
9652:6.37504
9653:0.5
9654:4.82443
9655:4.82443
9656:0.5
9657:2.62244
9658:2.62244
9659:0.5
9660:2.98935
9661:2.98935
9662:6.37504
9663:0.5
9664:6.37504
9665:6.37504
9666:6.37504
9667:0.5
9668:4.82443
9669:4.82443
9670:0.5
9671:1
9672:4.82443
9673:4.82443
9674:4.82443
9675:6.37504
9676:6.37504
9677:6.37504
9678:6.37504
9679:0.5
9680:2.95777
9681:2.95777
9682:0.5
9683:2.67094
9684:2.67094
9685:6.37504
9686:6.37504
9687:6.37504
9688:0.5
9689:6.59991
9690:6.59991
9691:6.37504
9692:0.5
9693:6.47573
9694:6.47573
9695:6.37504
9696:0.5
9697:3.10434
9698:3.10434
9699:6.37504
9700:0.5
9701:3.822
9702:3.822
9703:6.37504
9704:6.37504
9705:0.5
9706:3.33787
9707:3.33787
9708:6.37504
9709:6.37504
9710:6.37504
9711:0.5
9712:5.26053
9713:5.26053
9714:0.5
9715:3.29278
9716:3.29278
9717:0.5
9718:4.57827
9719:4.57827
9720:0.5
9721:6.37504
9722:6.37504
9723:6.37504
9724:0.5
9725:4.82443
9726:4.82443
9727:0.5
9728:1
9729:4.82443
9730:4.82443
9731:4.82443
9732:6.37504
9733:6.37504
9734:6.37504
9735:6.37504
9736:6.37504
9737:0.5
9738:3.42999
9739:3.42999
9740:0.5
9741:4.59694
9742:4.59694
9743:6.37504
9744:0.5
9745:2.65076
9746:2.65076
9747:0.5
9748:1
9749:6.40939
9750:6.40939
9751:6.40939
9752:6.37504
9753:0.5
9754:2.1078
9755:2.1078
9756:6.37504
9757:6.37504
9758:6.37504
9759:6.37504
9760:6.37504
9761:6.37504
9762:6.37504
9763:0.5
9764:4.59694
9765:4.59694
9766:0.5
9767:5.61471
9768:5.61471
9769:6.37504
9770:6.37504
9771:0.5
9772:6.79442
9773:6.79442
9774:6.37504
9775:6.37504
9776:6.37504
9777:6.37504
9778:6.37504
9779:6.37504
9780:0.5
9781:4.41954
9782:4.41954
9783:0.5
9784:2.59904
9785:2.59904
9786:6.37504
9787:0.5
9788:3.93411
9789:3.93411
9790:6.37504
9791:6.37504
9792:6.37504
9793:6.37504
9794:0.5
9795:4.15381
9796:4.15381
9797:0.5
9798:3.73419
9799:3.73419
9800:0.5
9801:7.13955
9802:7.13955
9803:0.5
9804:2.21791
9805:2.21791
9806:6.37504
9807:0.5
9808:1
9809:6.62936
9810:6.62936
9811:6.62936
9812:6.37504
9813:6.37504
9814:0.5
9815:1
9816:6.37504
9817:6.37504
9818:6.37504
9819:0.5
9820:3.66838
9821:3.66838
9822:0.5
9823:7.97154
9824:7.97154
9825:0.5
9826:6.50779
9827:6.50779
9828:0.5
9829:6.37504
9830:6.37504
9831:6.37504
9832:0.5
9833:4.82443
9834:4.82443
9835:6.37504
9836:6.37504
9837:6.37504
9838:6.37504
9839:6.37504
9840:0.5
9841:4.82443
9842:4.82443
9843:6.37504
9844:6.37504
9845:6.37504
9846:6.37504
9847:6.37504
9848:0.5
9849:6.37504
9850:6.37504
9851:6.37504
9852:0.5
9853:6.27922
9854:2
9855:6.37504
9856:6.37504
9857:6.37504
9858:6.37504
9859:0.5
9860:6.37504
9861:2
9862:6.37504
9863:0.5
9864:4.22437
9865:4.22437
9866:0.5
9867:6.44294
9868:6.44294
9869:6.37504
9870:6.37504
9871:6.37504
9872:6.37504
9873:0.5
9874:4.8147
9875:4.8147
9876:0.5
9877:6.44294
9878:6.44294
9879:0.5
9880:1
9881:0.415037
9882:6.53916
9883:6.53916
9884:6.53916
9885:6.53916
9886:6.37504
9887:0.5
9888:1
9889:2.21791
9890:1
9891:2.21791
9892:1
9893:2.21791
9894:2.21791
9895:2.21791
9896:6.37504
9897:0.5
9898:3.29278
9899:3.29278
9900:0.5
9901:4.24793
9902:4.24793
9903:6.37504
9904:0.5
9905:3.11042
9906:3.11042
9907:0.5
9908:5.60288
9909:5.60288
9910:0.5
9911:7.97154
9912:7.97154
9913:0.5
9914:6.50779
9915:6.50779
9916:6.37504
9917:6.37504
9918:6.37504
9919:6.37504
9920:6.37504
9921:0.5
9922:4.59694
9923:4.59694
9924:6.37504
9925:6.37504
9926:0.5
9927:6.37504
9928:6.37504
9929:0.5
9930:2.64599
9931:2.64599
9932:6.37504
9933:6.37504
9934:6.37504
9935:6.37504
9936:0.5
9937:7.19967
9938:7.19967
9939:6.37504
9940:6.37504
9941:6.37504
9942:6.37504
9943:6.37504
9944:0.5
9945:1
9946:7.21917
9947:1
9948:7.21917
9949:7.21917
9950:7.21917
9951:6.37504
9952:6.37504
9953:0.5
9954:6.53916
9955:2
9956:6.37504
9957:0.5
9958:2.59904
9959:2.59904
9960:6.37504
9961:0.5
9962:6.74147
9963:6.74147
9964:6.37504
9965:6.37504
9966:6.37504
9967:0.5
9968:1
9969:6.50779
9970:1
9971:6.50779
9972:6.50779
9973:6.50779
9974:0.5
9975:2.67094
9976:2.67094
9977:0.5
9978:6.37504
9979:6.37504
9980:6.37504
9981:6.37504
9982:0.5
9983:5.26053
9984:5.26053
9985:0.5
9986:6.44294
9987:6.44294
9988:6.37504
9989:6.37504
9990:0.5
9991:6.40939
9992:2
9993:6.37504
9994:0.5
9995:1
9996:3.57154
9997:3.57154
9998:3.57154
9999:0.5
10000:6.76818
10001:6.76818
10002:6.37504
10003:0.5
10004:6.50779
10005:6.50779
10006:6.37504
10007:6.37504
10008:0.5
10009:1
10010:4.62727
10011:4.62727
10012:4.62727
10013:6.37504
10014:0.5
10015:6.37504
10016:6.37504
10017:0.5
10018:2.64599
10019:2.64599
10020:0.5
10021:6.47573
10022:6.47573
10023:6.37504
10024:6.37504
10025:6.37504
10026:6.37504
10027:6.37504
10028:6.37504
10029:6.37504
10030:6.37504
10031:6.37504
10032:0.5
10033:6.44294
10034:6.44294
10035:6.37504
10036:6.37504
